Component: ARM Compiler 5.06 update 3 (build 300) Tool: armlink [4d35c9]

==============================================================================

Section Cross References

    main.o(.text) refers to _printf_percent.o(.ARM.Collect$$_printf_percent$$00000000) for _printf_percent
    main.o(.text) refers to _printf_d.o(.ARM.Collect$$_printf_percent$$00000009) for _printf_d
    main.o(.text) refers to _printf_dec.o(.text) for _printf_int_dec
    main.o(.text) refers to lcd.o(.text) for LCD_Fill
    main.o(.text) refers to __2sprintf.o(.text) for __2sprintf
    main.o(.text) refers to system_stm32f10x.o(.text) for SystemInit
    main.o(.text) refers to stm32f10x_rcc.o(.text) for RCC_APB2PeriphClockCmd
    main.o(.text) refers to misc.o(.text) for NVIC_PriorityGroupConfig
    main.o(.text) refers to delay.o(.text) for delay_init
    main.o(.text) refers to gpio.o(.text) for GPIO_Configuration
    main.o(.text) refers to usart.o(.text) for uart_init
    main.o(.text) refers to led.o(.text) for LED_Init
    main.o(.text) refers to key.o(.text) for KEY_Init
    main.o(.text) refers to rtc.o(.text) for RTC_Init
    main.o(.text) refers to timer.o(.text) for TIM3_Int_Init
    main.o(.text) refers to usart3.o(.text) for usart3_init
    main.o(.text) refers to malloc.o(.text) for my_mem_init
    main.o(.text) refers to __2printf.o(.text) for __2printf
    main.o(.text) refers to lwip_comm.o(.text) for lwip_comm_init
    main.o(.text) refers to httpd.o(.text) for httpd_init
    main.o(.text) refers to ds18b20.o(.text) for DS18B20_Init
    main.o(.text) refers to common.o(.text) for atk_8266_quit_trans
    main.o(.text) refers to apsta.o(.text) for atk_8266_apsta_test
    main.o(.text) refers to wifista.o(.text) for atk_8266_wifista_test
    main.o(.text) refers to wifiap.o(.text) for atk_8266_wifiap_test
    main.o(.text) refers to lcd.o(.data) for POINT_COLOR
    main.o(.text) refers to lcd.o(.bss) for lcddev
    main.o(.text) refers to lwip_comm.o(.bss) for lwipdev
    main.o(.text) refers to main.o(.data) for key
    stm32f10x_it.o(.text) refers to stm32f10x_gpio.o(.text) for GPIO_ReadInputDataBit
    stm32f10x_it.o(.text) refers to stm32f10x_exti.o(.text) for EXTI_ClearITPendingBit
    stm32f10x_it.o(.text) refers to main.o(.data) for n
    system_stm32f10x.o(.text) refers to system_stm32f10x.o(.data) for SystemCoreClock
    startup_stm32f10x_hd.o(STACK) refers (Special) to heapauxi.o(.text) for __use_two_region_memory
    startup_stm32f10x_hd.o(HEAP) refers (Special) to heapauxi.o(.text) for __use_two_region_memory
    startup_stm32f10x_hd.o(RESET) refers (Special) to heapauxi.o(.text) for __use_two_region_memory
    startup_stm32f10x_hd.o(RESET) refers to startup_stm32f10x_hd.o(STACK) for __initial_sp
    startup_stm32f10x_hd.o(RESET) refers to startup_stm32f10x_hd.o(.text) for Reset_Handler
    startup_stm32f10x_hd.o(RESET) refers to stm32f10x_it.o(.text) for NMI_Handler
    startup_stm32f10x_hd.o(RESET) refers to rtc.o(.text) for RTC_IRQHandler
    startup_stm32f10x_hd.o(RESET) refers to enc28j60.o(.text) for EXTI9_5_IRQHandler
    startup_stm32f10x_hd.o(RESET) refers to timer.o(.text) for TIM3_IRQHandler
    startup_stm32f10x_hd.o(RESET) refers to usart.o(.text) for USART1_IRQHandler
    startup_stm32f10x_hd.o(RESET) refers to usart3.o(.text) for USART3_IRQHandler
    startup_stm32f10x_hd.o(.text) refers (Special) to heapauxi.o(.text) for __use_two_region_memory
    startup_stm32f10x_hd.o(.text) refers to system_stm32f10x.o(.text) for SystemInit
    startup_stm32f10x_hd.o(.text) refers to __main.o(!!!main) for __main
    startup_stm32f10x_hd.o(.text) refers to startup_stm32f10x_hd.o(HEAP) for Heap_Mem
    startup_stm32f10x_hd.o(.text) refers to startup_stm32f10x_hd.o(STACK) for Stack_Mem
    delay.o(.text) refers to misc.o(.text) for SysTick_CLKSourceConfig
    delay.o(.text) refers to system_stm32f10x.o(.data) for SystemCoreClock
    delay.o(.text) refers to delay.o(.data) for fac_us
    usart.o(.text) refers (Special) to use_no_semi_2.o(.text) for __use_no_semihosting
    usart.o(.text) refers to stm32f10x_rcc.o(.text) for RCC_APB2PeriphClockCmd
    usart.o(.text) refers to stm32f10x_gpio.o(.text) for GPIO_Init
    usart.o(.text) refers to misc.o(.text) for NVIC_Init
    usart.o(.text) refers to stm32f10x_usart.o(.text) for USART_Init
    usart.o(.text) refers to usart.o(.data) for USART_RX_STA
    usart.o(.text) refers to usart.o(.bss) for USART_RX_BUF
    usart.o(.bss) refers (Special) to use_no_semi_2.o(.text) for __use_no_semihosting
    usart.o(.data) refers (Special) to use_no_semi_2.o(.text) for __use_no_semihosting
    lcd.o(.text) refers to _printf_percent.o(.ARM.Collect$$_printf_percent$$00000000) for _printf_percent
    lcd.o(.text) refers to _printf_x.o(.ARM.Collect$$_printf_percent$$0000000C) for _printf_x
    lcd.o(.text) refers to _printf_hex_int_ll_ptr.o(.text) for _printf_longlong_hex
    lcd.o(.text) refers to delay.o(.text) for delay_us
[...]
    I2S_Cmd                                  0x0800b63b   Thumb Code    24  stm32f10x_spi.o(.text)
    SPI_I2S_ITConfig                         0x0800b653   Thumb Code    32  stm32f10x_spi.o(.text)
    SPI_I2S_DMACmd                           0x0800b673   Thumb Code    18  stm32f10x_spi.o(.text)
    SPI_I2S_SendData                         0x0800b685   Thumb Code     4  stm32f10x_spi.o(.text)
    SPI_I2S_ReceiveData                      0x0800b689   Thumb Code     6  stm32f10x_spi.o(.text)
    SPI_NSSInternalSoftwareConfig            0x0800b68f   Thumb Code    30  stm32f10x_spi.o(.text)
    SPI_SSOutputCmd                          0x0800b6ad   Thumb Code    24  stm32f10x_spi.o(.text)
    SPI_DataSizeConfig                       0x0800b6c5   Thumb Code    18  stm32f10x_spi.o(.text)
    SPI_TransmitCRC                          0x0800b6d7   Thumb Code    10  stm32f10x_spi.o(.text)
    SPI_CalculateCRC                         0x0800b6e1   Thumb Code    24  stm32f10x_spi.o(.text)
    SPI_GetCRC                               0x0800b6f9   Thumb Code    16  stm32f10x_spi.o(.text)
    SPI_GetCRCPolynomial                     0x0800b709   Thumb Code     6  stm32f10x_spi.o(.text)
    SPI_BiDirectionalLineConfig              0x0800b70f   Thumb Code    28  stm32f10x_spi.o(.text)
    SPI_I2S_GetFlagStatus                    0x0800b72b   Thumb Code    18  stm32f10x_spi.o(.text)
    SPI_I2S_ClearFlag                        0x0800b73d   Thumb Code     6  stm32f10x_spi.o(.text)
    SPI_I2S_GetITStatus                      0x0800b743   Thumb Code    52  stm32f10x_spi.o(.text)
    SPI_I2S_ClearITPendingBit                0x0800b777   Thumb Code    20  stm32f10x_spi.o(.text)
    mymemcpy                                 0x0800b799   Thumb Code    26  malloc.o(.text)
    mymemset                                 0x0800b7b3   Thumb Code    20  malloc.o(.text)
    my_mem_init                              0x0800b7c7   Thumb Code    54  malloc.o(.text)
    my_mem_perused                           0x0800b7fd   Thumb Code    54  malloc.o(.text)
    my_mem_malloc                            0x0800b833   Thumb Code   162  malloc.o(.text)
    my_mem_free                              0x0800b8d5   Thumb Code    94  malloc.o(.text)
    myfree                                   0x0800b933   Thumb Code    32  malloc.o(.text)
    mymalloc                                 0x0800b953   Thumb Code    36  malloc.o(.text)
    myrealloc                                0x0800b977   Thumb Code    68  malloc.o(.text)
    lwip_comm_mem_free                       0x0800b9cd   Thumb Code    24  lwip_comm.o(.text)
    lwip_comm_mem_malloc                     0x0800b9e5   Thumb Code    60  lwip_comm.o(.text)
    lwip_comm_default_ip_set                 0x0800ba21   Thumb Code   104  lwip_comm.o(.text)
    lwip_comm_init                           0x0800ba89   Thumb Code   104  lwip_comm.o(.text)
    lwip_pkt_handle                          0x0800baf1   Thumb Code    10  lwip_comm.o(.text)
    lwip_dhcp_process_handle                 0x0800bafb   Thumb Code   418  lwip_comm.o(.text)
    lwip_periodic_handle                     0x0800bc9d   Thumb Code   138  lwip_comm.o(.text)
    fs_open                                  0x0800bf5f   Thumb Code    70  fs.o(.text)
    fs_close                                 0x0800bfa5   Thumb Code    12  fs.o(.text)
    fs_read                                  0x0800bfb1   Thumb Code    62  fs.o(.text)
    fs_bytes_left                            0x0800bfef   Thumb Code    10  fs.o(.text)
    httpd_init                               0x0800cfeb   Thumb Code    18  httpd.o(.text)
    http_set_ssi_handler                     0x0800cffd   Thumb Code   108  httpd.o(.text)
    http_set_cgi_handlers                    0x0800d069   Thumb Code    74  httpd.o(.text)
    G_Handler                                0x0800d22d   Thumb Code    90  httpd_cgi_ssi.o(.text)
    D_Handler                                0x0800d287   Thumb Code    90  httpd_cgi_ssi.o(.text)
    Temperate_Handler                        0x0800d2e1   Thumb Code   168  httpd_cgi_ssi.o(.text)
    RTCTime_Handler                          0x0800d389   Thumb Code    90  httpd_cgi_ssi.o(.text)
    RTCdate_Handler                          0x0800d3e3   Thumb Code   140  httpd_cgi_ssi.o(.text)
    LEDS_CGI_Handler                         0x0800d4b9   Thumb Code   234  httpd_cgi_ssi.o(.text)
    LEDS2_CGI_Handler                        0x0800d5a3   Thumb Code   368  httpd_cgi_ssi.o(.text)
    BEEP_CGI_Handler                         0x0800d713   Thumb Code   164  httpd_cgi_ssi.o(.text)
    httpd_ssi_init                           0x0800d7b7   Thumb Code    14  httpd_cgi_ssi.o(.text)
    httpd_cgi_init                           0x0800d7c5   Thumb Code    12  httpd_cgi_ssi.o(.text)
    etharp_tmr                               0x0800d847   Thumb Code   136  etharp.o(.text)
    etharp_cleanup_netif                     0x0800dbd1   Thumb Code   336  etharp.o(.text)
    etharp_find_addr                         0x0800dd21   Thumb Code   110  etharp.o(.text)
    etharp_request                           0x0800dfd3   Thumb Code    36  etharp.o(.text)
    etharp_query                             0x0800e085   Thumb Code   660  etharp.o(.text)
    etharp_output                            0x0800e319   Thumb Code   388  etharp.o(.text)
    ethernet_input                           0x0800e49d   Thumb Code   200  etharp.o(.text)
    ethernetif_input                         0x0800e6d1   Thumb Code    44  ethernetif.o(.text)
    ethernetif_init                          0x0800e6fd   Thumb Code    56  ethernetif.o(.text)
    icmp_input                               0x0800e7e5   Thumb Code   506  icmp.o(.text)
    icmp_dest_unreach                        0x0800ea67   Thumb Code    18  icmp.o(.text)
    icmp_time_exceeded                       0x0800ea79   Thumb Code    18  icmp.o(.text)
    inet_chksum_pseudo                       0x0800ec5f   Thumb Code   162  inet_chksum.o(.text)
    inet_chksum_pseudo_partial               0x0800ed01   Thumb Code   210  inet_chksum.o(.text)
    inet_chksum                              0x0800edd3   Thumb Code    20  inet_chksum.o(.text)
    inet_chksum_pbuf                         0x0800ede7   Thumb Code    86  inet_chksum.o(.text)
    ip_route                                 0x0800eea5   Thumb Code    76  ip.o(.text)
    ip_input                                 0x0800eef1   Thumb Code   440  ip.o(.text)
    ip_output_if                             0x0800f0a9   Thumb Code   306  ip.o(.text)
    ip_output                                0x0800f1db   Thumb Code    80  ip.o(.text)
    ip4_addr_isbroadcast                     0x0800f2d9   Thumb Code    78  ip_addr.o(.text)
    ip4_addr_netmask_valid                   0x0800f327   Thumb Code    56  ip_addr.o(.text)
    ipaddr_aton                              0x0800f35f   Thumb Code   364  ip_addr.o(.text)
    ipaddr_addr                              0x0800f4cb   Thumb Code    24  ip_addr.o(.text)
    ipaddr_ntoa_r                            0x0800f4e3   Thumb Code   168  ip_addr.o(.text)
    ipaddr_ntoa                              0x0800f58b   Thumb Code    16  ip_addr.o(.text)
    ip_reass_tmr                             0x0800f755   Thumb Code    48  ip_frag.o(.text)
    ip_reass                                 0x0800fb95   Thumb Code   386  ip_frag.o(.text)
    ip_frag                                  0x0800fd9d   Thumb Code   618  ip_frag.o(.text)
    lwip_htons                               0x08010007   Thumb Code    12  def.o(.text)
    lwip_ntohs                               0x08010013   Thumb Code    12  def.o(.text)
    lwip_htonl                               0x0801001f   Thumb Code    26  def.o(.text)
    lwip_ntohl                               0x08010039   Thumb Code    12  def.o(.text)
    dhcp_renew                               0x080108c5   Thumb Code   132  dhcp.o(.text)
    dhcp_coarse_tmr                          0x08010a0b   Thumb Code    62  dhcp.o(.text)
    dhcp_release                             0x08010b43   Thumb Code   160  dhcp.o(.text)
    dhcp_fine_tmr                            0x08010d97   Thumb Code    64  dhcp.o(.text)
    dhcp_set_struct                          0x08010e47   Thumb Code   106  dhcp.o(.text)
    dhcp_cleanup                             0x08010eb1   Thumb Code   188  dhcp.o(.text)
    dhcp_stop                                0x08010f6d   Thumb Code   108  dhcp.o(.text)
    dhcp_start                               0x080115f3   Thumb Code   276  dhcp.o(.text)
    dhcp_inform                              0x08011707   Thumb Code   192  dhcp.o(.text)
    dhcp_network_changed                     0x080117c7   Thumb Code   150  dhcp.o(.text)
    dhcp_arp_reply                           0x080118db   Thumb Code    68  dhcp.o(.text)
    lwip_init                                0x08011929   Thumb Code    28  init.o(.text)
    mem_init                                 0x08011a1f   Thumb Code    78  mem.o(.text)
    mem_free                                 0x08011a6d   Thumb Code   148  mem.o(.text)
    mem_trim                                 0x08011b01   Thumb Code   308  mem.o(.text)
    mem_malloc                               0x08011c35   Thumb Code   740  mem.o(.text)
    mem_calloc                               0x08011f19   Thumb Code    34  mem.o(.text)
    memp_get_memorysize                      0x08011fe9   Thumb Code     8  memp.o(.text)
    memp_init                                0x08011ff1   Thumb Code    86  memp.o(.text)
    memp_malloc                              0x08012047   Thumb Code    88  memp.o(.text)
    memp_free                                0x0801209f   Thumb Code    58  memp.o(.text)
    netif_init                               0x0801219d   Thumb Code     2  netif.o(.text)
    netif_set_gw                             0x0801219f   Thumb Code    12  netif.o(.text)
    netif_set_netmask                        0x080121ab   Thumb Code    12  netif.o(.text)
    netif_set_ipaddr                         0x080121b7   Thumb Code   110  netif.o(.text)
    netif_set_addr                           0x08012225   Thumb Code    40  netif.o(.text)
    netif_add                                0x0801224d   Thumb Code   120  netif.o(.text)
    netif_set_default                        0x080122c5   Thumb Code     6  netif.o(.text)
    netif_set_down                           0x080122cb   Thumb Code    42  netif.o(.text)
    netif_remove                             0x080122f5   Thumb Code    90  netif.o(.text)
    netif_find                               0x0801234f   Thumb Code    64  netif.o(.text)
    netif_set_up                             0x0801238f   Thumb Code    54  netif.o(.text)
    netif_set_link_up                        0x080123c5   Thumb Code    66  netif.o(.text)
    netif_set_link_down                      0x08012407   Thumb Code    24  netif.o(.text)
    pbuf_free                                0x0801249d   Thumb Code   244  pbuf.o(.text)
    pbuf_alloc                               0x08012591   Thumb Code   644  pbuf.o(.text)
    pbuf_alloced_custom                      0x08012815   Thumb Code   674  pbuf.o(.text)
    pbuf_realloc                             0x08012ab7   Thumb Code   268  pbuf.o(.text)
    pbuf_header                              0x08012bc3   Thumb Code   206  pbuf.o(.text)
    pbuf_clen                                0x08012c91   Thumb Code    18  pbuf.o(.text)
    pbuf_ref                                 0x08012ca3   Thumb Code    10  pbuf.o(.text)
    pbuf_cat                                 0x08012cad   Thumb Code   138  pbuf.o(.text)
    pbuf_chain                               0x08012d37   Thumb Code    22  pbuf.o(.text)
    pbuf_dechain                             0x08012d4d   Thumb Code   122  pbuf.o(.text)
    pbuf_copy                                0x08012dc7   Thumb Code   814  pbuf.o(.text)
    pbuf_copy_partial                        0x080130f5   Thumb Code   190  pbuf.o(.text)
    pbuf_take                                0x080131b3   Thumb Code   210  pbuf.o(.text)
    pbuf_coalesce                            0x08013285   Thumb Code    84  pbuf.o(.text)
    pbuf_get_at                              0x080132d9   Thumb Code    46  pbuf.o(.text)
    pbuf_memcmp                              0x08013307   Thumb Code    96  pbuf.o(.text)
    pbuf_memfind                             0x08013367   Thumb Code    76  pbuf.o(.text)
    pbuf_strstr                              0x080133b3   Thumb Code    60  pbuf.o(.text)
    raw_input                                0x080134d9   Thumb Code   102  raw.o(.text)
    raw_bind                                 0x0801353f   Thumb Code    16  raw.o(.text)
    raw_connect                              0x0801354f   Thumb Code    16  raw.o(.text)
    raw_recv                                 0x0801355f   Thumb Code     6  raw.o(.text)
    raw_sendto                               0x08013565   Thumb Code   178  raw.o(.text)
    raw_send                                 0x08013617   Thumb Code    18  raw.o(.text)
    raw_remove                               0x08013629   Thumb Code    60  raw.o(.text)
    raw_new                                  0x08013665   Thumb Code    42  raw.o(.text)
    tcp_init                                 0x08013715   Thumb Code     2  tcp.o(.text)
    tcp_seg_free                             0x08013717   Thumb Code    26  tcp.o(.text)
    tcp_segs_free                            0x08013731   Thumb Code    24  tcp.o(.text)
    tcp_pcb_purge                            0x08013749   Thumb Code    64  tcp.o(.text)
    tcp_slowtmr                              0x08013789   Thumb Code  1420  tcp.o(.text)
    tcp_pcb_remove                           0x08013d15   Thumb Code   192  tcp.o(.text)
    tcp_close                                0x08013fa1   Thumb Code    28  tcp.o(.text)
    tcp_update_rcv_ann_wnd                   0x08013fbd   Thumb Code   106  tcp.o(.text)
    tcp_recved                               0x08014027   Thumb Code   132  tcp.o(.text)
    tcp_recv_null                            0x080140ab   Thumb Code   298  tcp.o(.text)
    tcp_process_refused_data                 0x080141d5   Thumb Code   140  tcp.o(.text)
    tcp_fasttmr                              0x08014261   Thumb Code   110  tcp.o(.text)
    tcp_tmr                                  0x080142cf   Thumb Code    30  tcp.o(.text)
    tcp_shutdown                             0x080142ed   Thumb Code    98  tcp.o(.text)
    tcp_abandon                              0x0801434f   Thumb Code   164  tcp.o(.text)
    tcp_abort                                0x080143f3   Thumb Code    14  tcp.o(.text)
    tcp_bind                                 0x08014461   Thumb Code   166  tcp.o(.text)
    tcp_listen_with_backlog                  0x0801450f   Thumb Code   222  tcp.o(.text)
    tcp_eff_send_mss                         0x080145ed   Thumb Code    46  tcp.o(.text)
    tcp_next_iss                             0x0801461b   Thumb Code    20  tcp.o(.text)
    tcp_connect                              0x0801462f   Thumb Code   580  tcp.o(.text)
    tcp_setprio                              0x08014873   Thumb Code     4  tcp.o(.text)
    tcp_alloc                                0x080148f5   Thumb Code   174  tcp.o(.text)
    tcp_new                                  0x080149a3   Thumb Code    10  tcp.o(.text)
    tcp_arg                                  0x080149ad   Thumb Code     4  tcp.o(.text)
    tcp_recv                                 0x080149b1   Thumb Code    42  tcp.o(.text)
    tcp_sent                                 0x080149db   Thumb Code    42  tcp.o(.text)
    tcp_err                                  0x08014a05   Thumb Code    44  tcp.o(.text)
    tcp_accept                               0x08014a31   Thumb Code     4  tcp.o(.text)
    tcp_poll                                 0x08014a35   Thumb Code    50  tcp.o(.text)
    tcp_debug_state_str                      0x08014a67   Thumb Code    10  tcp.o(.text)
    tcp_input                                0x08015c75   Thumb Code  1682  tcp_in.o(.text)
    tcp_enqueue_flags                        0x08016449   Thumb Code   396  tcp_out.o(.text)
    tcp_send_fin                             0x080165d5   Thumb Code    74  tcp_out.o(.text)
    tcp_write                                0x080168ab   Thumb Code  1564  tcp_out.o(.text)
    tcp_send_empty_ack                       0x08016ec7   Thumb Code    96  tcp_out.o(.text)
    tcp_output                               0x08017007   Thumb Code   662  tcp_out.o(.text)
    tcp_rst                                  0x0801729d   Thumb Code   172  tcp_out.o(.text)
    tcp_rexmit_rto                           0x08017349   Thumb Code    58  tcp_out.o(.text)
    tcp_rexmit                               0x08017383   Thumb Code    90  tcp_out.o(.text)
    tcp_rexmit_fast                          0x080173dd   Thumb Code   112  tcp_out.o(.text)
    tcp_keepalive                            0x0801744d   Thumb Code    86  tcp_out.o(.text)
    tcp_zero_window_probe                    0x080174a3   Thumb Code   182  tcp_out.o(.text)
    sys_timeout                              0x08017559   Thumb Code   174  timers.o(.text)
    tcp_timer_needed                         0x0801762f   Thumb Code    38  timers.o(.text)
    sys_timeouts_init                        0x080176ad   Thumb Code    60  timers.o(.text)
    sys_untimeout                            0x080176e9   Thumb Code    90  timers.o(.text)
    sys_check_timeouts                       0x08017743   Thumb Code    92  timers.o(.text)
    sys_restart_timeouts                     0x0801779f   Thumb Code    12  timers.o(.text)
    udp_init                                 0x08017869   Thumb Code     2  udp.o(.text)
    udp_input                                0x080178bb   Thumb Code   518  udp.o(.text)
    udp_bind                                 0x08017ac1   Thumb Code   146  udp.o(.text)
    udp_sendto_if                            0x08017b53   Thumb Code   466  udp.o(.text)
    udp_sendto                               0x08017d25   Thumb Code    46  udp.o(.text)
    udp_send                                 0x08017d53   Thumb Code    20  udp.o(.text)
    udp_connect                              0x08017d67   Thumb Code    94  udp.o(.text)
    udp_disconnect                           0x08017dc5   Thumb Code    16  udp.o(.text)
    udp_recv                                 0x08017dd5   Thumb Code     6  udp.o(.text)
    udp_remove                               0x08017ddb   Thumb Code    60  udp.o(.text)
    udp_new                                  0x08017e17   Thumb Code    28  udp.o(.text)
    sys_now                                  0x08017e39   Thumb Code     6  sys_arch.o(.text)
    atk_8266_apsta_test                      0x08017e45   Thumb Code   916  apsta.o(.text)
    atk_8266_at_response                     0x0801842d   Thumb Code    46  common.o(.text)
    atk_8266_check_cmd                       0x0801845b   Thumb Code    44  common.o(.text)
    atk_8266_send_cmd                        0x08018487   Thumb Code    92  common.o(.text)
    atk_8266_send_data                       0x080184e3   Thumb Code    84  common.o(.text)
    atk_8266_quit_trans                      0x08018537   Thumb Code   100  common.o(.text)
    atk_8266_apsta_check                     0x0801859b   Thumb Code    62  common.o(.text)
    atk_8266_consta_check                    0x080185d9   Thumb Code    36  common.o(.text)
    atk_8266_load_keyboard                   0x080185fd   Thumb Code   150  common.o(.text)
    atk_8266_key_staset                      0x08018693   Thumb Code   202  common.o(.text)
    atk_8266_get_keynum                      0x0801875d   Thumb Code   388  common.o(.text)
    atk_8266_get_wanip                       0x080188e1   Thumb Code    62  common.o(.text)
    atk_8266_get_ip                          0x0801891f   Thumb Code   202  common.o(.text)
    atk_8266_msg_show                        0x080189e9   Thumb Code   288  common.o(.text)
    atk_8266_wificonf_show                   0x08018b09   Thumb Code     8  common.o(.text)
    atk_8266_netpro_sel                      0x08018b11   Thumb Code   162  common.o(.text)
    atk_8266_ip_set                          0x08018bb3   Thumb Code   204  common.o(.text)
    atk_8266_mode_cofig                      0x08018c7f   Thumb Code   534  common.o(.text)
    atk_8266_mtest_ui                        0x08018e95   Thumb Code    30  common.o(.text)
    atk_8266_test                            0x08018eb3   Thumb Code   216  common.o(.text)
    atk_8266_wifiap_test                     0x08019061   Thumb Code   854  wifiap.o(.text)
    atk_8266_wifista_test                    0x0801951d   Thumb Code   986  wifista.o(.text)
    __use_no_semihosting                     0x08019aa9   Thumb Code     2  use_no_semi_2.o(.text)
    __c89vsprintf                            0x08019aad   Thumb Code    32  c89vsprintf.o(.text)
    __2printf                                0x08019ad1   Thumb Code    20  __2printf.o(.text)
    __2sprintf                               0x08019ae9   Thumb Code    38  __2sprintf.o(.text)
    _printf_pre_padding                      0x08019b15   Thumb Code    44  _printf_pad.o(.text)
    _printf_post_padding                     0x08019b41   Thumb Code    34  _printf_pad.o(.text)
    _printf_str                              0x08019b63   Thumb Code    82  _printf_str.o(.text)
    _printf_int_dec                          0x08019bb5   Thumb Code   104  _printf_dec.o(.text)
    _printf_longlong_hex                     0x08019c2d   Thumb Code    86  _printf_hex_int_ll_ptr.o(.text)
    _printf_int_hex                          0x08019c83   Thumb Code    28  _printf_hex_int_ll_ptr.o(.text)
    _printf_ll_hex                           0x08019c9f   Thumb Code    12  _printf_hex_int_ll_ptr.o(.text)
    _printf_hex_ptr                          0x08019cab   Thumb Code    18  _printf_hex_int_ll_ptr.o(.text)
    __printf                                 0x08019cc1   Thumb Code   388  __printf_flags_ss_wp.o(.text)
    strchr                                   0x08019e49   Thumb Code    20  strchr.o(.text)
    strstr                                   0x08019e5d   Thumb Code    36  strstr.o(.text)
    memcmp                                   0x08019e81   Thumb Code    88  memcmp.o(.text)
    strlen                                   0x08019ed9   Thumb Code    62  strlen.o(.text)
    strncmp                                  0x08019f17   Thumb Code   150  strncmp.o(.text)
    __aeabi_memcpy                           0x08019fad   Thumb Code     0  rt_memcpy_v6.o(.text)
    __rt_memcpy                              0x08019fad   Thumb Code   138  rt_memcpy_v6.o(.text)
    _memcpy_lastbytes                        0x0801a013   Thumb Code     0  rt_memcpy_v6.o(.text)
    __aeabi_memcpy4                          0x0801a037   Thumb Code     0  rt_memcpy_w.o(.text)
    __aeabi_memcpy8                          0x0801a037   Thumb Code     0  rt_memcpy_w.o(.text)
    __rt_memcpy_w                            0x0801a037   Thumb Code   100  rt_memcpy_w.o(.text)
    _memcpy_lastbytes_aligned                0x0801a07f   Thumb Code     0  rt_memcpy_w.o(.text)
    __aeabi_memclr                           0x0801a09b   Thumb Code     0  rt_memclr.o(.text)
    __rt_memclr                              0x0801a09b   Thumb Code    68  rt_memclr.o(.text)
    _memset                                  0x0801a09f   Thumb Code     0  rt_memclr.o(.text)
    __aeabi_memclr4                          0x0801a0df   Thumb Code     0  rt_memclr_w.o(.text)
    __aeabi_memclr8                          0x0801a0df   Thumb Code     0  rt_memclr_w.o(.text)
    __rt_memclr_w                            0x0801a0df   Thumb Code    78  rt_memclr_w.o(.text)
    _memset_w                                0x0801a0e3   Thumb Code     0  rt_memclr_w.o(.text)
    strcmp                                   0x0801a12d   Thumb Code   128  strcmpv7m.o(.text)
    __use_two_region_memory                  0x0801a1ad   Thumb Code     2  heapauxi.o(.text)
    __rt_heap_escrow$2region                 0x0801a1af   Thumb Code     2  heapauxi.o(.text)
    __rt_heap_expand$2region                 0x0801a1b1   Thumb Code     2  heapauxi.o(.text)
    __I$use$semihosting                      0x0801a1b3   Thumb Code     0  use_no_semi.o(.text)
    __use_no_semihosting_swi                 0x0801a1b3   Thumb Code     2  use_no_semi.o(.text)
    __read_errno                             0x0801a1b5   Thumb Code    10  _rserrno.o(.text)
    __set_errno                              0x0801a1bf   Thumb Code    12  _rserrno.o(.text)
    _printf_truncate_signed                  0x0801a1cb   Thumb Code    18  _printf_truncate.o(.text)
    _printf_truncate_unsigned                0x0801a1dd   Thumb Code    18  _printf_truncate.o(.text)
    _printf_int_common                       0x0801a1ef   Thumb Code   178  _printf_intcommon.o(.text)
    _printf_charcount                        0x0801a2a1   Thumb Code    40  _printf_charcount.o(.text)
    _printf_char_common                      0x0801a2d3   Thumb Code    32  _printf_char_common.o(.text)
    _sputc                                   0x0801a2f9   Thumb Code    10  _sputc.o(.text)
    _printf_cs_common                        0x0801a303   Thumb Code    20  _printf_char.o(.text)
    _printf_char                             0x0801a317   Thumb Code    16  _printf_char.o(.text)
    _printf_string                           0x0801a327   Thumb Code     8  _printf_char.o(.text)
    _printf_char_file                        0x0801a331   Thumb Code    32  _printf_char_file.o(.text)
    _printf_wctomb                           0x0801a355   Thumb Code   182  _printf_wctomb.o(.text)
    _printf_longlong_dec                     0x0801a411   Thumb Code   108  _printf_longlong_dec.o(.text)
    _printf_longlong_oct                     0x0801a48d   Thumb Code    68  _printf_oct_int_ll.o(.text)
    _printf_int_oct                          0x0801a4d1   Thumb Code    24  _printf_oct_int_ll.o(.text)
    _printf_ll_oct                           0x0801a4e9   Thumb Code    12  _printf_oct_int_ll.o(.text)
    __aeabi_errno_addr                       0x0801a4fd   Thumb Code     8  rt_errno_addr_intlibspace.o(.text)
    __errno$intlibspace                      0x0801a4fd   Thumb Code     0  rt_errno_addr_intlibspace.o(.text)
    __rt_errno_addr$intlibspace              0x0801a4fd   Thumb Code     0  rt_errno_addr_intlibspace.o(.text)
    _ll_udiv10                               0x0801a505   Thumb Code   138  lludiv10.o(.text)
    __lib_sel_fp_printf                      0x0801a58f   Thumb Code     2  _printf_fp_dec.o(.text)
    _printf_fp_dec_real                      0x0801a73d   Thumb Code   620  _printf_fp_dec.o(.text)
    _printf_lcs_common                       0x0801a9a9   Thumb Code    20  _printf_wchar.o(.text)
    _printf_wchar                            0x0801a9bd   Thumb Code    16  _printf_wchar.o(.text)
    _printf_wstring                          0x0801a9cd   Thumb Code     8  _printf_wchar.o(.text)
    ferror                                   0x0801a9d5   Thumb Code     8  ferror.o(.text)
    _wcrtomb                                 0x0801a9dd   Thumb Code    64  _wcrtomb.o(.text)
    __user_libspace                          0x0801aa1d   Thumb Code     8  libspace.o(.text)
    __user_perproc_libspace                  0x0801aa1d   Thumb Code     0  libspace.o(.text)
    __user_perthread_libspace                0x0801aa1d   Thumb Code     0  libspace.o(.text)
    __user_setup_stackheap                   0x0801aa25   Thumb Code    74  sys_stackheap_outer.o(.text)
    __rt_ctype_table                         0x0801aa71   Thumb Code    16  rt_ctype_table.o(.text)
    __rt_locale                              0x0801aa81   Thumb Code     8  rt_locale_intlibspace.o(.text)
    _printf_fp_infnan                        0x0801aa89   Thumb Code   112  _printf_fp_infnan.o(.text)
    _btod_etento                             0x0801ab09   Thumb Code   216  bigflt0.o(.text)
    exit                                     0x0801abe5   Thumb Code    18  exit.o(.text)
    _btod_d2e                                0x0801abf7   Thumb Code    62  btod.o(CL$$btod_d2e)
    _d2e_denorm_low                          0x0801ac35   Thumb Code    70  btod.o(CL$$btod_d2e_denorm_low)
    _d2e_norm_op1                            0x0801ac7b   Thumb Code    96  btod.o(CL$$btod_d2e_norm_op1)
    __btod_div_common                        0x0801acdb   Thumb Code   696  btod.o(CL$$btod_div_common)
    _e2e                                     0x0801b013   Thumb Code   198  btod.o(CL$$btod_e2e)
    _btod_ediv                               0x0801b0d9   Thumb Code    40  btod.o(CL$$btod_ediv)
    _btod_emul                               0x0801b101   Thumb Code    40  btod.o(CL$$btod_emul)
    __btod_mult_common                       0x0801b129   Thumb Code   580  btod.o(CL$$btod_mult_common)
    __ARM_fpclassify                         0x0801b36d   Thumb Code    40  fpclassify.o(i.__ARM_fpclassify)
    _is_digit                                0x0801b395   Thumb Code    14  __printf_wp.o(i._is_digit)
    sqrt                                     0x0801b3a3   Thumb Code    76  sqrt.o(i.sqrt)
    _get_lc_numeric                          0x0801b3f1   Thumb Code    44  lc_numeric_c.o(locale$$code)
    _get_lc_ctype                            0x0801b41d   Thumb Code    44  lc_ctype_c.o(locale$$code)
    __aeabi_dadd                             0x0801b449   Thumb Code     0  daddsub_clz.o(x$fpl$dadd)
    _dadd                                    0x0801b449   Thumb Code   332  daddsub_clz.o(x$fpl$dadd)
    __fpl_dcmp_Inf                           0x0801b599   Thumb Code    24  dcmpi.o(x$fpl$dcmpinf)
    __aeabi_d2iz                             0x0801b5b1   Thumb Code     0  dfix.o(x$fpl$dfix)
    _dfix                                    0x0801b5b1   Thumb Code    94  dfix.o(x$fpl$dfix)
    __aeabi_d2uiz                            0x0801b611   Thumb Code     0  dfixu.o(x$fpl$dfixu)
    _dfixu                                   0x0801b611   Thumb Code    90  dfixu.o(x$fpl$dfixu)
    __aeabi_i2d                              0x0801b66b   Thumb Code     0  dflt_clz.o(x$fpl$dflt)
    _dflt                                    0x0801b66b   Thumb Code    46  dflt_clz.o(x$fpl$dflt)
    __aeabi_ui2d                             0x0801b699   Thumb Code     0  dflt_clz.o(x$fpl$dfltu)
    _dfltu                                   0x0801b699   Thumb Code    38  dflt_clz.o(x$fpl$dfltu)
    __aeabi_cdcmple                          0x0801b6c1   Thumb Code     0  dleqf.o(x$fpl$dleqf)
    _dcmple                                  0x0801b6c1   Thumb Code   120  dleqf.o(x$fpl$dleqf)
    __fpl_dcmple_InfNaN                      0x0801b723   Thumb Code     0  dleqf.o(x$fpl$dleqf)
    __aeabi_dmul                             0x0801b739   Thumb Code     0  dmul.o(x$fpl$dmul)
    _dmul                                    0x0801b739   Thumb Code   332  dmul.o(x$fpl$dmul)
    __fpl_dnaninf                            0x0801b88d   Thumb Code   156  dnaninf.o(x$fpl$dnaninf)
    __fpl_dretinf                            0x0801b929   Thumb Code    12  dretinf.o(x$fpl$dretinf)
    __aeabi_cdrcmple                         0x0801b935   Thumb Code     0  drleqf.o(x$fpl$drleqf)
    _drcmple                                 0x0801b935   Thumb Code   108  drleqf.o(x$fpl$drleqf)
    __aeabi_drsub                            0x0801b9a1   Thumb Code     0  daddsub_clz.o(x$fpl$drsb)
    _drsb                                    0x0801b9a1   Thumb Code    22  daddsub_clz.o(x$fpl$drsb)
    _dsqrt                                   0x0801b9b9   Thumb Code   456  dsqrt_noumaal.o(x$fpl$dsqrt)
    __aeabi_dsub                             0x0801bb85   Thumb Code     0  daddsub_clz.o(x$fpl$dsub)
    _dsub                                    0x0801bb85   Thumb Code   464  daddsub_clz.o(x$fpl$dsub)
    __aeabi_f2d                              0x0801bd59   Thumb Code     0  f2d.o(x$fpl$f2d)
    _f2d                                     0x0801bd59   Thumb Code    86  f2d.o(x$fpl$f2d)
    __aeabi_fadd                             0x0801bdb1   Thumb Code     0  faddsub_clz.o(x$fpl$fadd)
    _fadd                                    0x0801bdb1   Thumb Code   196  faddsub_clz.o(x$fpl$fadd)
    __aeabi_fdiv                             0x0801be75   Thumb Code     0  fdiv.o(x$fpl$fdiv)
    _fdiv                                    0x0801be75   Thumb Code   384  fdiv.o(x$fpl$fdiv)
    __aeabi_f2iz                             0x0801bff9   Thumb Code     0  ffix.o(x$fpl$ffix)
    _ffix                                    0x0801bff9   Thumb Code    54  ffix.o(x$fpl$ffix)
    __aeabi_f2uiz                            0x0801c031   Thumb Code     0  ffixu.o(x$fpl$ffixu)
    _ffixu                                   0x0801c031   Thumb Code    62  ffixu.o(x$fpl$ffixu)
    __aeabi_i2f                              0x0801c071   Thumb Code     0  fflt_clz.o(x$fpl$fflt)
    _fflt                                    0x0801c071   Thumb Code    48  fflt_clz.o(x$fpl$fflt)
    __aeabi_ui2f                             0x0801c0a1   Thumb Code     0  fflt_clz.o(x$fpl$ffltu)
    _ffltu                                   0x0801c0a1   Thumb Code    38  fflt_clz.o(x$fpl$ffltu)
    __aeabi_fmul                             0x0801c0c9   Thumb Code     0  fmul.o(x$fpl$fmul)
    _fmul                                    0x0801c0c9   Thumb Code   258  fmul.o(x$fpl$fmul)
    __fpl_fnaninf                            0x0801c1cb   Thumb Code   140  fnaninf.o(x$fpl$fnaninf)
    __fpl_fretinf                            0x0801c257   Thumb Code    10  fretinf.o(x$fpl$fretinf)
    __aeabi_fsub                             0x0801c261   Thumb Code     0  faddsub_clz.o(x$fpl$fsub)
    _fsub                                    0x0801c261   Thumb Code   234  faddsub_clz.o(x$fpl$fsub)
    _printf_fp_dec                           0x0801c34b   Thumb Code     4  printf1.o(x$fpl$printf1)
    __I$use$fp                               0x0801c34e   Number         0  usenofp.o(x$fpl$usenofp)
    asc2_1206                                0x0801c34e   Data        1140  lcd.o(.constdata)
    asc2_1608                                0x0801c7c2   Data        1520  lcd.o(.constdata)
    asc2_2412                                0x0801cdb2   Data        3420  lcd.o(.constdata)
    table_week                               0x0801db0e   Data          12  rtc.o(.constdata)
    mon_table                                0x0801db1a   Data          12  rtc.o(.constdata)
    TP_REMIND_MSG_TBL                        0x0801db28   Data           4  touch.o(.constdata)
    GT9147_CFG_TBL                           0x0801db2c   Data         184  gt9147.o(.constdata)
    GT9147_TPX_TBL                           0x0801dbe4   Data          10  gt9147.o(.constdata)
    FT5206_TPX_TBL                           0x0801dbee   Data          10  ft5206.o(.constdata)
    OTT_TPX_TBL                              0x0801dbf8   Data          10  ott2001a.o(.constdata)
    memtblsize                               0x0801dc04   Data           8  malloc.o(.constdata)
    memblksize                               0x0801dc0c   Data           8  malloc.o(.constdata)
    memsize                                  0x0801dc14   Data           8  malloc.o(.constdata)
    file__image_head_jpg                     0x08045790   Data          20  fs.o(.constdata)
    file__image_stm32_jpg                    0x080457a4   Data          20  fs.o(.constdata)
    file__image_tab_jpg                      0x080457b8   Data          20  fs.o(.constdata)
    file__openedv_folder_big_gif             0x080457cc   Data          20  fs.o(.constdata)
    file__openedv_folder_new_big_gif         0x080457e0   Data          20  fs.o(.constdata)
    file__openedv_h_js                       0x080457f4   Data          20  fs.o(.constdata)
    file__openedv_head_weixin1_png           0x08045808   Data          20  fs.o(.constdata)
    file__openedv_logo_jpg                   0x0804581c   Data          20  fs.o(.constdata)
    file__openedv_newpm_gif                  0x08045830   Data          20  fs.o(.constdata)
    file__openedv_wb_js                      0x08045844   Data          20  fs.o(.constdata)
    file__angle_shtml                        0x08045858   Data          20  fs.o(.constdata)
    file__bp_shtml                           0x0804586c   Data          20  fs.o(.constdata)
    file__index_html                         0x08045880   Data          20  fs.o(.constdata)
    file__rtc_shtml                          0x08045894   Data          20  fs.o(.constdata)
    file__temp_shtml                         0x080458a8   Data          20  fs.o(.constdata)
    g_psDefaultFilenames                     0x080458bc   Data          40  httpd.o(.constdata)
    g_pcTagLeadIn                            0x080458e4   Data           4  httpd.o(.constdata)
    g_pcTagLeadOut                           0x080458e8   Data           4  httpd.o(.constdata)
    ethbroadcast                             0x08045904   Data           6  etharp.o(.constdata)
    ethzero                                  0x0804590a   Data           6  etharp.o(.constdata)
    ip_addr_any                              0x08045910   Data           4  ip_addr.o(.constdata)
    ip_addr_broadcast                        0x08045914   Data           4  ip_addr.o(.constdata)
    tcp_state_str                            0x08045940   Data          44  tcp.o(.constdata)
    tcp_backoff                              0x0804596c   Data          13  tcp.o(.constdata)
    tcp_persist_backoff                      0x08045979   Data           7  tcp.o(.constdata)
    tcp_pcb_lists                            0x08045980   Data          16  tcp.o(.constdata)
    Region$$Table$$Base                      0x08045e10   Number         0  anon$$obj.o(Region$$Table)
    Region$$Table$$Limit                     0x08045e30   Number         0  anon$$obj.o(Region$$Table)
    __ctype                                  0x08045e59   Data           0  lc_ctype_c.o(locale$$data)
    cmd_verify                               0x20000000   Data           5  main.o(.data)
    cmd_start                                0x20000005   Data           6  main.o(.data)
    cmd_mode                                 0x2000000b   Data           1  main.o(.data)
    temp                                     0x2000000c   Data           2  main.o(.data)
    tempH                                    0x2000000e   Data           2  main.o(.data)
    tempL                                    0x20000010   Data           2  main.o(.data)
    cnt                                      0x20000014   Data           4  main.o(.data)
    s                                        0x20000018   Data           1  main.o(.data)
    RxCounter1                               0x20000019   Data           1  main.o(.data)
    RxCounter2                               0x2000001a   Data           1  main.o(.data)
    USART1_flag                              0x2000001b   Data           1  main.o(.data)
    USART2_flag                              0x2000001c   Data           1  main.o(.data)
    bp_start                                 0x2000001e   Data           2  main.o(.data)
    bp_received                              0x20000020   Data           1  main.o(.data)
    bp_report                                0x20000021   Data           1  main.o(.data)
    cmd_received                             0x20000022   Data           1  main.o(.data)
    bp_fetch_permitted                       0x20000023   Data           1  main.o(.data)
    clk_counter                              0x20000024   Data           4  main.o(.data)
    SDAA                                     0x20000028   Data           2  main.o(.data)
    SDAAA                                    0x2000002a   Data           2  main.o(.data)
    SDAAM                                    0x2000002c   Data           1  main.o(.data)
    n                                        0x2000002d   Data           1  main.o(.data)
    m                                        0x2000002e   Data           1  main.o(.data)
    g                                        0x2000002f   Data           1  main.o(.data)
    d                                        0x20000030   Data           1  main.o(.data)
    mb                                       0x20000031   Data           1  main.o(.data)
    detect_wait                              0x20000032   Data           1  main.o(.data)
    delay                                    0x20000034   Data           4  main.o(.data)
    Temperate                                0x20000038   Data           2  main.o(.data)
    key                                      0x2000003a   Data           1  main.o(.data)
    timex                                    0x2000003b   Data           1  main.o(.data)
    SystemCoreClock                          0x2000003c   Data           4  system_stm32f10x.o(.data)
    AHBPrescTable                            0x20000040   Data          16  system_stm32f10x.o(.data)
    __stdout                                 0x20000054   Data           4  usart.o(.data)
    USART_RX_STA                             0x20000058   Data           2  usart.o(.data)
    POINT_COLOR                              0x2000005a   Data           2  lcd.o(.data)
    BACK_COLOR                               0x2000005c   Data           2  lcd.o(.data)
    USART3_RX_STA                            0x20000060   Data           2  usart3.o(.data)
    tp_dev                                   0x20000064   Data          52  touch.o(.data)
    CMD_RDX                                  0x20000098   Data           1  touch.o(.data)
    CMD_RDY                                  0x20000099   Data           1  touch.o(.data)
    mallco_dev                               0x200000b4   Data          28  malloc.o(.data)
    TCPTimer                                 0x200000d0   Data           4  lwip_comm.o(.data)
    ARPTimer                                 0x200000d4   Data           4  lwip_comm.o(.data)
    lwip_localtime                           0x200000d8   Data           4  lwip_comm.o(.data)
    DHCPfineTimer                            0x200000dc   Data           4  lwip_comm.o(.data)
    DHCPcoarseTimer                          0x200000e0   Data           4  lwip_comm.o(.data)
    g_pcSSIExtensions                        0x200000e4   Data          16  httpd.o(.data)
    g_pfnSSIHandler                          0x200000f4   Data           4  httpd.o(.data)
    g_iNumTags                               0x200000f8   Data           4  httpd.o(.data)
    g_ppcTags                                0x200000fc   Data           4  httpd.o(.data)
    g_pCGIs                                  0x20000100   Data           4  httpd.o(.data)
    g_iNumCGIs                               0x20000104   Data           4  httpd.o(.data)
    current_netif                            0x20000120   Data           4  ip.o(.data)
    current_header                           0x20000124   Data           4  ip.o(.data)
    current_iphdr_src                        0x20000128   Data           4  ip.o(.data)
    current_iphdr_dest                       0x2000012c   Data           4  ip.o(.data)
    ram_heap                                 0x20000140   Data           4  mem.o(.data)
    memp_memory                              0x20000150   Data           4  memp.o(.data)
    netif_list                               0x20000154   Data           4  netif.o(.data)
    netif_default                            0x20000158   Data           4  netif.o(.data)
    tcp_ticks                                0x20000168   Data           4  tcp.o(.data)
    tcp_bound_pcbs                           0x2000016c   Data           4  tcp.o(.data)
    tcp_listen_pcbs                          0x20000170   Data           4  tcp.o(.data)
    tcp_active_pcbs                          0x20000174   Data           4  tcp.o(.data)
    tcp_tw_pcbs                              0x20000178   Data           4  tcp.o(.data)
    tcp_tmp_pcb                              0x2000017c   Data           4  tcp.o(.data)
    tcp_active_pcbs_changed                  0x20000180   Data           1  tcp.o(.data)
    tcp_input_pcb                            0x200001a4   Data           4  tcp_in.o(.data)
    udp_pcbs                                 0x200001b8   Data           4  udp.o(.data)
    portnum                                  0x200001bc   Data           4  common.o(.data)
    wifista_ssid                             0x200001c0   Data           4  common.o(.data)
    wifista_encryption                       0x200001c4   Data           4  common.o(.data)
    wifista_password                         0x200001c8   Data           4  common.o(.data)
    wifiap_ssid                              0x200001cc   Data           4  common.o(.data)
    wifiap_encryption                        0x200001d0   Data           4  common.o(.data)
    wifiap_password                          0x200001d4   Data           4  common.o(.data)
    ATK_ESP8266_CWMODE_TBL                   0x200001d8   Data          12  common.o(.data)
    ATK_ESP8266_WORKMODE_TBL                 0x200001e4   Data          12  common.o(.data)
    ATK_ESP8266_ECN_TBL                      0x200001f0   Data          20  common.o(.data)
    kbd_tbl                                  0x20000204   Data          52  common.o(.data)
    kbd_fn_tbl                               0x20000238   Data           8  common.o(.data)
    netpro                                   0x20000241   Data           1  wifista.o(.data)
    USART_RX_BUF                             0x20000244   Data         200  usart.o(.bss)
    lcddev                                   0x2000030c   Data          14  lcd.o(.bss)
    calendar                                 0x2000031a   Data          10  rtc.o(.bss)
    enc28j60_dev                             0x20000324   Data          16  enc28j60.o(.bss)
    USART3_RX_BUF                            0x20000334   Data         600  usart3.o(.bss)
    USART3_TX_BUF                            0x2000058c   Data         600  usart3.o(.bss)
    mem1base                                 0x200007e4   Data       40960  malloc.o(.bss)
    mem1mapbase                              0x2000a7e4   Data        2560  malloc.o(.bss)
    lwipdev                                  0x2000b1e4   Data          23  lwip_comm.o(.bss)
    lwip_netif                               0x2000b1fc   Data          52  lwip_comm.o(.bss)
    fs_memory                                0x2000b230   Data         240  fs.o(.bss)
    dhcp_rx_options_val                      0x2000b7f8   Data          40  dhcp.o(.bss)
    dhcp_rx_options_given                    0x2000b820   Data          10  dhcp.o(.bss)
    __libspace_start                         0x2000b864   Data          96  libspace.o(.bss)
    __temporary_stack_top$libspace           0x2000b8c4   Data           0  libspace.o(.bss)
    mem2base                                 0x68000000   Data       196608  malloc.o(.ARM.__AT_0x68000000)
    mem2mapbase                              0x68030000   Data       12288  malloc.o(.ARM.__AT_0x68030000)



==============================================================================

Memory Map of the image

  Image Entry point : 0x08000131

  Load Region LR_IROM1 (Base: 0x08000000, Size: 0x000461a0, Max: 0x00080000, ABSOLUTE, COMPRESSED[0x00046038])

    Execution Region ER_IROM1 (Base: 0x08000000, Size: 0x00045f5c, Max: 0x00080000, ABSOLUTE)

    Base Addr    Size         Type   Attr      Idx    E Section Name        Object

    0x08000000   0x00000130   Data   RO          291    RESET               startup_stm32f10x_hd.o
    0x08000130   0x00000008   Code   RO         1683  * !!!main             c_w.l(__main.o)
    0x08000138   0x00000034   Code   RO         2026    !!!scatter          c_w.l(__scatter.o)
    0x0800016c   0x0000005a   Code   RO         2024    !!dczerorl2         c_w.l(__dczerorl2.o)
    0x080001c6   0x00000002   PAD
    0x080001c8   0x0000001c   Code   RO         2028    !!handler_zi        c_w.l(__scatter_zi.o)
    0x080001e4   0x00000000   Code   RO         1660    .ARM.Collect$$_printf_percent$$00000000  c_w.l(_printf_percent.o)
    0x080001e4   0x00000006   Code   RO         1778    .ARM.Collect$$_printf_percent$$00000001  c_w.l(_printf_n.o)
    0x080001ea   0x00000006   Code   RO         1779    .ARM.Collect$$_printf_percent$$00000002  c_w.l(_printf_p.o)
    0x080001f0   0x00000006   Code   RO         1782    .ARM.Collect$$_printf_percent$$00000003  c_w.l(_printf_f.o)
    0x080001f6   0x00000006   Code   RO         1783    .ARM.Collect$$_printf_percent$$00000004  c_w.l(_printf_e.o)
    0x080001fc   0x00000006   Code   RO         1784    .ARM.Collect$$_printf_percent$$00000005  c_w.l(_printf_g.o)
    0x08000202   0x00000006   Code   RO         1785    .ARM.Collect$$_printf_percent$$00000006  c_w.l(_printf_a.o)
    0x08000208   0x0000000a   Code   RO         1790    .ARM.Collect$$_printf_percent$$00000007  c_w.l(_printf_ll.o)
    0x08000212   0x00000006   Code   RO         1781    .ARM.Collect$$_printf_percent$$00000008  c_w.l(_printf_i.o)
    0x08000218   0x00000006   Code   RO         1658    .ARM.Collect$$_printf_percent$$00000009  c_w.l(_printf_d.o)
    0x0800021e   0x00000006   Code   RO         1659    .ARM.Collect$$_printf_percent$$0000000A  c_w.l(_printf_u.o)
    0x08000224   0x00000006   Code   RO         1780    .ARM.Collect$$_printf_percent$$0000000B  c_w.l(_printf_o.o)
    0x0800022a   0x00000006   Code   RO         1657    .ARM.Collect$$_printf_percent$$0000000C  c_w.l(_printf_x.o)
    0x08000230   0x00000006   Code   RO         1787    .ARM.Collect$$_printf_percent$$0000000D  c_w.l(_printf_lli.o)
    0x08000236   0x00000006   Code   RO         1788    .ARM.Collect$$_printf_percent$$0000000E  c_w.l(_printf_lld.o)
    0x0800023c   0x00000006   Code   RO         1789    .ARM.Collect$$_printf_percent$$0000000F  c_w.l(_printf_llu.o)
    0x08000242   0x00000006   Code   RO         1794    .ARM.Collect$$_printf_percent$$00000010  c_w.l(_printf_llo.o)
    0x08000248   0x00000006   Code   RO         1795    .ARM.Collect$$_printf_percent$$00000011  c_w.l(_printf_llx.o)
    0x0800024e   0x0000000a   Code   RO         1791    .ARM.Collect$$_printf_percent$$00000012  c_w.l(_printf_l.o)
    0x08000258   0x00000006   Code   RO         1777    .ARM.Collect$$_printf_percent$$00000013  c_w.l(_printf_c.o)
    0x0800025e   0x00000006   Code   RO         1656    .ARM.Collect$$_printf_percent$$00000014  c_w.l(_printf_s.o)
    0x08000264   0x00000006   Code   RO         1792    .ARM.Collect$$_printf_percent$$00000015  c_w.l(_printf_lc.o)
    0x0800026a   0x00000006   Code   RO         1793    .ARM.Collect$$_printf_percent$$00000016  c_w.l(_printf_ls.o)
    0x08000270   0x00000004   Code   RO         1786    .ARM.Collect$$_printf_percent$$00000017  c_w.l(_printf_percent_end.o)
    0x08000274   0x00000002   Code   RO         1894    .ARM.Collect$$libinit$$00000000  c_w.l(libinit.o)
    0x08000276   0x00000000   Code   RO         1905    .ARM.Collect$$libinit$$00000002  c_w.l(libinit2.o)
    0x08000276   0x00000000   Code   RO         1907    .ARM.Collect$$libinit$$00000004  c_w.l(libinit2.o)
    0x08000276   0x00000000   Code   RO         1910    .ARM.Collect$$libinit$$0000000A  c_w.l(libinit2.o)
    0x08000276   0x00000000   Code   RO         1912    .ARM.Collect$$libinit$$0000000C  c_w.l(libinit2.o)
    0x08000276   0x00000000   Code   RO         1914    .ARM.Collect$$libinit$$0000000E  c_w.l(libinit2.o)
    0x08000276   0x00000006   Code   RO         1915    .ARM.Collect$$libinit$$0000000F  c_w.l(libinit2.o)
    0x0800027c   0x00000000   Code   RO         1917    .ARM.Collect$$libinit$$00000011  c_w.l(libinit2.o)
    0x0800027c   0x0000000c   Code   RO         1918    .ARM.Collect$$libinit$$00000012  c_w.l(libinit2.o)
    0x08000288   0x00000000   Code   RO         1919    .ARM.Collect$$libinit$$00000013  c_w.l(libinit2.o)
    0x08000288   0x00000000   Code   RO         1921    .ARM.Collect$$libinit$$00000015  c_w.l(libinit2.o)
    0x08000288   0x0000000a   Code   RO         1922    .ARM.Collect$$libinit$$00000016  c_w.l(libinit2.o)
    0x08000292   0x00000000   Code   RO         1923    .ARM.Collect$$libinit$$00000017  c_w.l(libinit2.o)
    0x08000292   0x00000000   Code   RO         1925    .ARM.Collect$$libinit$$00000019  c_w.l(libinit2.o)
    0x08000292   0x00000000   Code   RO         1927    .ARM.Collect$$libinit$$0000001B  c_w.l(libinit2.o)
    0x08000292   0x00000000   Code   RO         1929    .ARM.Collect$$libinit$$0000001D  c_w.l(libinit2.o)
    0x08000292   0x00000000   Code   RO         1931    .ARM.Collect$$libinit$$0000001F  c_w.l(libinit2.o)
    0x08000292   0x00000000   Code   RO         1933    .ARM.Collect$$libinit$$00000021  c_w.l(libinit2.o)
    0x08000292   0x00000000   Code   RO         1935    .ARM.Collect$$libinit$$00000023  c_w.l(libinit2.o)
    0x08000292   0x00000000   Code   RO         1937    .ARM.Collect$$libinit$$00000025  c_w.l(libinit2.o)
    0x08000292   0x00000000   Code   RO         1941    .ARM.Collect$$libinit$$0000002C  c_w.l(libinit2.o)
    0x08000292   0x00000000   Code   RO         1943    .ARM.Collect$$libinit$$0000002E  c_w.l(libinit2.o)
    0x08000292   0x00000000   Code   RO         1945    .ARM.Collect$$libinit$$00000030  c_w.l(libinit2.o)
    0x08000292   0x00000000   Code   RO         1947    .ARM.Collect$$libinit$$00000032  c_w.l(libinit2.o)
    0x08000292   0x00000002   Code   RO         1948    .ARM.Collect$$libinit$$00000033  c_w.l(libinit2.o)
    0x08000294   0x00000002   Code   RO         1966    .ARM.Collect$$libshutdown$$00000000  c_w.l(libshutdown.o)
    0x08000296   0x00000000   Code   RO         1976    .ARM.Collect$$libshutdown$$00000002  c_w.l(libshutdown2.o)
    0x08000296   0x00000000   Code   RO         1978    .ARM.Collect$$libshutdown$$00000004  c_w.l(libshutdown2.o)
    0x08000296   0x00000000   Code   RO         1981    .ARM.Collect$$libshutdown$$00000007  c_w.l(libshutdown2.o)
    0x08000296   0x00000000   Code   RO         1984    .ARM.Collect$$libshutdown$$0000000A  c_w.l(libshutdown2.o)
    0x08000296   0x00000000   Code   RO         1986    .ARM.Collect$$libshutdown$$0000000C  c_w.l(libshutdown2.o)
    0x08000296   0x00000000   Code   RO         1989    .ARM.Collect$$libshutdown$$0000000F  c_w.l(libshutdown2.o)
    0x08000296   0x00000002   Code   RO         1990    .ARM.Collect$$libshutdown$$00000010  c_w.l(libshutdown2.o)
    0x08000298   0x00000000   Code   RO         1749    .ARM.Collect$$rtentry$$00000000  c_w.l(__rtentry.o)
    0x08000298   0x00000000   Code   RO         1812    .ARM.Collect$$rtentry$$00000002  c_w.l(__rtentry2.o)
    0x08000298   0x00000006   Code   RO         1824    .ARM.Collect$$rtentry$$00000004  c_w.l(__rtentry4.o)
    0x0800029e   0x00000000   Code   RO         1814    .ARM.Collect$$rtentry$$00000009  c_w.l(__rtentry2.o)
    0x0800029e   0x00000004   Code   RO         1815    .ARM.Collect$$rtentry$$0000000A  c_w.l(__rtentry2.o)
    0x080002a2   0x00000000   Code   RO         1817    .ARM.Collect$$rtentry$$0000000C  c_w.l(__rtentry2.o)
    0x080002a2   0x00000008   Code   RO         1818    .ARM.Collect$$rtentry$$0000000D  c_w.l(__rtentry2.o)
    0x080002aa   0x00000002   Code   RO         1899    .ARM.Collect$$rtexit$$00000000  c_w.l(rtexit.o)
    0x080002ac   0x00000000   Code   RO         1950    .ARM.Collect$$rtexit$$00000002  c_w.l(rtexit2.o)
    0x080002ac   0x00000004   Code   RO         1951    .ARM.Collect$$rtexit$$00000003  c_w.l(rtexit2.o)
    0x080002b0   0x00000006   Code   RO         1952    .ARM.Collect$$rtexit$$00000004  c_w.l(rtexit2.o)
    0x080002b6   0x00000002   PAD
    0x080002b8   0x000004ec   Code   RO            1    .text               main.o
    0x080007a4   0x00000100   Code   RO          210    .text               stm32f10x_it.o
    0x080008a4   0x000001e0   Code   RO          260    .text               system_stm32f10x.o
    0x08000a84   0x00000040   Code   RO          292    .text               startup_stm32f10x_hd.o
    0x08000ac4   0x000000d4   Code   RO          296    .text               delay.o
    0x08000b98   0x0000000c   Code   RO          311    .text               sys.o
    0x08000ba4   0x00000140   Code   RO          326    .text               usart.o
    0x08000ce4   0x00004a86   Code   RO          349    .text               lcd.o
    0x0800576a   0x00000002   Code   RO          372    .text               led.o
    0x0800576c   0x00000110   Code   RO          396    .text               timer.o
    0x0800587c   0x00000488   Code   RO          413    .text               rtc.o
    0x08005d04   0x00000360   Code   RO          433    .text               ds18b20.o
    0x08006064   0x0000033c   Code   RO          445    .text               hem7200.o
    0x080063a0   0x000000dc   Code   RO          458    .text               gpio.o
    0x0800647c   0x00000770   Code   RO          470    .text               enc28j60.o
    0x08006bec   0x00000108   Code   RO          491    .text               spi.o
    0x08006cf4   0x00000180   Code   RO          503    .text               usart3.o
    0x08006e74   0x000000fc   Code   RO          532    .text               key.o
    0x08006f70   0x00000fb4   Code   RO          545    .text               touch.o
    0x08007f24   0x0000017a   Code   RO          575    .text               24cxx.o
    0x0800809e   0x00000002   PAD
    0x080080a0   0x0000026c   Code   RO          587    .text               myiic.o
    0x0800830c   0x00000458   Code   RO          599    .text               gt9147.o
    0x08008764   0x00000338   Code   RO          621    .text               ft5206.o
    0x08008a9c   0x0000036c   Code   RO          637    .text               ott2001a.o
    0x08008e08   0x00000284   Code   RO          653    .text               ctiic.o
    0x0800908c   0x000000dc   Code   RO          665    .text               misc.o
    0x08009168   0x0000060c   Code   RO          677    .text               stm32f10x_fsmc.o
    0x08009774   0x0000035c   Code   RO          689    .text               stm32f10x_gpio.o
    0x08009ad0   0x000003a4   Code   RO          701    .text               stm32f10x_rcc.o
    0x08009e74   0x00000e1a   Code   RO          715    .text               stm32f10x_tim.o
    0x0800ac8e   0x00000002   PAD
    0x0800ac90   0x00000408   Code   RO          727    .text               stm32f10x_usart.o
    0x0800b098   0x0000011c   Code   RO          739    .text               stm32f10x_exti.o
    0x0800b1b4   0x00000148   Code   RO          763    .text               stm32f10x_rtc.o
    0x0800b2fc   0x000000c4   Code   RO          775    .text               stm32f10x_bkp.o
    0x0800b3c0   0x000000cc   Code   RO          787    .text               stm32f10x_pwr.o
    0x0800b48c   0x0000030c   Code   RO          799    .text               stm32f10x_spi.o
    0x0800b798   0x00000234   Code   RO          811    .text               malloc.o
    0x0800b9cc   0x0000052c   Code   RO          833    .text               lwip_comm.o
    0x0800bef8   0x00000108   Code   RO          906    .text               fs.o
    0x0800c000   0x00001200   Code   RO          931    .text               httpd.o
    0x0800d200   0x0000060c   Code   RO          976    .text               httpd_cgi_ssi.o
    0x0800d80c   0x00000dc0   Code   RO          993    .text               etharp.o
    0x0800e5cc   0x00000218   Code   RO         1035    .text               ethernetif.o
    0x0800e7e4   0x0000041c   Code   RO         1067    .text               icmp.o
    0x0800ec00   0x000002a4   Code   RO         1104    .text               inet_chksum.o
    0x0800eea4   0x00000434   Code   RO         1119    .text               ip.o
    0x0800f2d8   0x0000032c   Code   RO         1156    .text               ip_addr.o
    0x0800f604   0x00000a02   Code   RO         1179    .text               ip_frag.o
    0x08010006   0x0000003e   Code   RO         1196    .text               def.o
    0x08010044   0x000018e4   Code   RO         1208    .text               dhcp.o
    0x08011928   0x0000001c   Code   RO         1234    .text               init.o
    0x08011944   0x000006a4   Code   RO         1267    .text               mem.o
    0x08011fe8   0x000001b4   Code   RO         1282    .text               memp.o
    0x0801219c   0x00000300   Code   RO         1308    .text               netif.o
    0x0801249c   0x0000103c   Code   RO         1330    .text               pbuf.o
    0x080134d8   0x0000023c   Code   RO         1342    .text               raw.o
    0x08013714   0x00001418   Code   RO         1362    .text               tcp.o
    0x08014b2c   0x000017da   Code   RO         1386    .text               tcp_in.o
    0x08016306   0x00000002   PAD
    0x08016308   0x00001250   Code   RO         1409    .text               tcp_out.o
    0x08017558   0x00000310   Code   RO         1422    .text               timers.o
    0x08017868   0x000005d0   Code   RO         1439    .text               udp.o
    0x08017e38   0x0000000c   Code   RO         1468    .text               sys_arch.o
    0x08017e44   0x000005e8   Code   RO         1532    .text               apsta.o
    0x0801842c   0x00000c34   Code   RO         1544    .text               common.o
    0x08019060   0x000004bc   Code   RO         1566    .text               wifiap.o
    0x0801951c   0x0000058c   Code   RO         1578    .text               wifista.o
    0x08019aa8   0x00000002   Code   RO         1595    .text               c_w.l(use_no_semi_2.o)
    0x08019aaa   0x00000002   PAD
    0x08019aac   0x00000024   Code   RO         1597    .text               c_w.l(c89vsprintf.o)
    0x08019ad0   0x00000018   Code   RO         1599    .text               c_w.l(__2printf.o)
    0x08019ae8   0x0000002c   Code   RO         1601    .text               c_w.l(__2sprintf.o)
    0x08019b14   0x0000004e   Code   RO         1609    .text               c_w.l(_printf_pad.o)
    0x08019b62   0x00000052   Code   RO         1611    .text               c_w.l(_printf_str.o)
    0x08019bb4   0x00000078   Code   RO         1613    .text               c_w.l(_printf_dec.o)
    0x08019c2c   0x00000094   Code   RO         1633    .text               c_w.l(_printf_hex_int_ll_ptr.o)
    0x08019cc0   0x00000188   Code   RO         1653    .text               c_w.l(__printf_flags_ss_wp.o)
    0x08019e48   0x00000014   Code   RO         1661    .text               c_w.l(strchr.o)
    0x08019e5c   0x00000024   Code   RO         1663    .text               c_w.l(strstr.o)
    0x08019e80   0x00000058   Code   RO         1665    .text               c_w.l(memcmp.o)
    0x08019ed8   0x0000003e   Code   RO         1667    .text               c_w.l(strlen.o)
    0x08019f16   0x00000096   Code   RO         1669    .text               c_w.l(strncmp.o)
    0x08019fac   0x0000008a   Code   RO         1671    .text               c_w.l(rt_memcpy_v6.o)
    0x0801a036   0x00000064   Code   RO         1673    .text               c_w.l(rt_memcpy_w.o)
    0x0801a09a   0x00000044   Code   RO         1675    .text               c_w.l(rt_memclr.o)
    0x0801a0de   0x0000004e   Code   RO         1677    .text               c_w.l(rt_memclr_w.o)
    0x0801a12c   0x00000080   Code   RO         1679    .text               c_w.l(strcmpv7m.o)
    0x0801a1ac   0x00000006   Code   RO         1681    .text               c_w.l(heapauxi.o)
    0x0801a1b2   0x00000002   Code   RO         1747    .text               c_w.l(use_no_semi.o)
    0x0801a1b4   0x00000016   Code   RO         1750    .text               c_w.l(_rserrno.o)
    0x0801a1ca   0x00000024   Code   RO         1752    .text               c_w.l(_printf_truncate.o)
    0x0801a1ee   0x000000b2   Code   RO         1754    .text               c_w.l(_printf_intcommon.o)
    0x0801a2a0   0x00000028   Code   RO         1756    .text               c_w.l(_printf_charcount.o)
    0x0801a2c8   0x00000030   Code   RO         1758    .text               c_w.l(_printf_char_common.o)
    0x0801a2f8   0x0000000a   Code   RO         1760    .text               c_w.l(_sputc.o)
    0x0801a302   0x0000002c   Code   RO         1762    .text               c_w.l(_printf_char.o)
    0x0801a32e   0x00000002   PAD
    0x0801a330   0x00000024   Code   RO         1764    .text               c_w.l(_printf_char_file.o)
    0x0801a354   0x000000bc   Code   RO         1766    .text               c_w.l(_printf_wctomb.o)
    0x0801a410   0x0000007c   Code   RO         1769    .text               c_w.l(_printf_longlong_dec.o)
    0x0801a48c   0x00000070   Code   RO         1775    .text               c_w.l(_printf_oct_int_ll.o)
    0x0801a4fc   0x00000008   Code   RO         1829    .text               c_w.l(rt_errno_addr_intlibspace.o)
    0x0801a504   0x0000008a   Code   RO         1831    .text               c_w.l(lludiv10.o)
    0x0801a58e   0x0000041a   Code   RO         1833    .text               c_w.l(_printf_fp_dec.o)
    0x0801a9a8   0x0000002c   Code   RO         1837    .text               c_w.l(_printf_wchar.o)
    0x0801a9d4   0x00000008   Code   RO         1839    .text               c_w.l(ferror.o)
    0x0801a9dc   0x00000040   Code   RO         1843    .text               c_w.l(_wcrtomb.o)
    0x0801aa1c   0x00000008   Code   RO         1845    .text               c_w.l(libspace.o)
    0x0801aa24   0x0000004a   Code   RO         1848    .text               c_w.l(sys_stackheap_outer.o)
    0x0801aa6e   0x00000002   PAD
    0x0801aa70   0x00000010   Code   RO         1850    .text               c_w.l(rt_ctype_table.o)
    0x0801aa80   0x00000008   Code   RO         1855    .text               c_w.l(rt_locale_intlibspace.o)
    0x0801aa88   0x00000080   Code   RO         1857    .text               c_w.l(_printf_fp_infnan.o)
    0x0801ab08   0x000000dc   Code   RO         1859    .text               c_w.l(bigflt0.o)
    0x0801abe4   0x00000012   Code   RO         1887    .text               c_w.l(exit.o)
    0x0801abf6   0x0000003e   Code   RO         1862    CL$$btod_d2e        c_w.l(btod.o)
    0x0801ac34   0x00000046   Code   RO         1864    CL$$btod_d2e_denorm_low  c_w.l(btod.o)
    0x0801ac7a   0x00000060   Code   RO         1863    CL$$btod_d2e_norm_op1  c_w.l(btod.o)
    0x0801acda   0x00000338   Code   RO         1872    CL$$btod_div_common  c_w.l(btod.o)
    0x0801b012   0x000000c6   Code   RO         1869    CL$$btod_e2e        c_w.l(btod.o)
    0x0801b0d8   0x00000028   Code   RO         1866    CL$$btod_ediv       c_w.l(btod.o)
    0x0801b100   0x00000028   Code   RO         1865    CL$$btod_emul       c_w.l(btod.o)
    0x0801b128   0x00000244   Code   RO         1871    CL$$btod_mult_common  c_w.l(btod.o)
    0x0801b36c   0x00000028   Code   RO         1897    i.__ARM_fpclassify  m_ws.l(fpclassify.o)
    0x0801b394   0x0000000e   Code   RO         1646    i._is_digit         c_w.l(__printf_wp.o)
    0x0801b3a2   0x0000004c   Code   RO         1740    i.sqrt              m_ws.l(sqrt.o)
    0x0801b3ee   0x00000002   PAD
    0x0801b3f0   0x0000002c   Code   RO         1885    locale$$code        c_w.l(lc_numeric_c.o)
    0x0801b41c   0x0000002c   Code   RO         1902    locale$$code        c_w.l(lc_ctype_c.o)
    0x0801b448   0x00000150   Code   RO         1685    x$fpl$dadd          fz_ws.l(daddsub_clz.o)
    0x0801b598   0x00000018   Code   RO         1796    x$fpl$dcmpinf       fz_ws.l(dcmpi.o)
    0x0801b5b0   0x0000005e   Code   RO         1691    x$fpl$dfix          fz_ws.l(dfix.o)
    0x0801b60e   0x00000002   PAD
    0x0801b610   0x0000005a   Code   RO         1695    x$fpl$dfixu         fz_ws.l(dfixu.o)
    0x0801b66a   0x0000002e   Code   RO         1700    x$fpl$dflt          fz_ws.l(dflt_clz.o)
    0x0801b698   0x00000026   Code   RO         1699    x$fpl$dfltu         fz_ws.l(dflt_clz.o)
    0x0801b6be   0x00000002   PAD
    0x0801b6c0   0x00000078   Code   RO         1705    x$fpl$dleqf         fz_ws.l(dleqf.o)
    0x0801b738   0x00000154   Code   RO         1707    x$fpl$dmul          fz_ws.l(dmul.o)
    0x0801b88c   0x0000009c   Code   RO         1798    x$fpl$dnaninf       fz_ws.l(dnaninf.o)
    0x0801b928   0x0000000c   Code   RO         1800    x$fpl$dretinf       fz_ws.l(dretinf.o)
    0x0801b934   0x0000006c   Code   RO         1709    x$fpl$drleqf        fz_ws.l(drleqf.o)
    0x0801b9a0   0x00000016   Code   RO         1686    x$fpl$drsb          fz_ws.l(daddsub_clz.o)
    0x0801b9b6   0x00000002   PAD
    0x0801b9b8   0x000001cc   Code   RO         1802    x$fpl$dsqrt         fz_ws.l(dsqrt_noumaal.o)
    0x0801bb84   0x000001d4   Code   RO         1687    x$fpl$dsub          fz_ws.l(daddsub_clz.o)
    0x0801bd58   0x00000056   Code   RO         1711    x$fpl$f2d           fz_ws.l(f2d.o)
    0x0801bdae   0x00000002   PAD
    0x0801bdb0   0x000000c4   Code   RO         1713    x$fpl$fadd          fz_ws.l(faddsub_clz.o)
    0x0801be74   0x00000184   Code   RO         1720    x$fpl$fdiv          fz_ws.l(fdiv.o)
    0x0801bff8   0x00000036   Code   RO         1723    x$fpl$ffix          fz_ws.l(ffix.o)
    0x0801c02e   0x00000002   PAD
    0x0801c030   0x0000003e   Code   RO         1727    x$fpl$ffixu         fz_ws.l(ffixu.o)
    0x0801c06e   0x00000002   PAD
    0x0801c070   0x00000030   Code   RO         1732    x$fpl$fflt          fz_ws.l(fflt_clz.o)
    0x0801c0a0   0x00000026   Code   RO         1731    x$fpl$ffltu         fz_ws.l(fflt_clz.o)
    0x0801c0c6   0x00000002   PAD
    0x0801c0c8   0x00000102   Code   RO         1737    x$fpl$fmul          fz_ws.l(fmul.o)
    0x0801c1ca   0x0000008c   Code   RO         1804    x$fpl$fnaninf       fz_ws.l(fnaninf.o)
    0x0801c256   0x0000000a   Code   RO         1806    x$fpl$fretinf       fz_ws.l(fretinf.o)
    0x0801c260   0x000000ea   Code   RO         1715    x$fpl$fsub          fz_ws.l(faddsub_clz.o)
    0x0801c34a   0x00000004   Code   RO         1808    x$fpl$printf1       fz_ws.l(printf1.o)
    0x0801c34e   0x00000000   Code   RO         1810    x$fpl$usenofp       fz_ws.l(usenofp.o)
    0x0801c34e   0x000017c0   Data   RO          351    .constdata          lcd.o
    0x0801db0e   0x00000018   Data   RO          415    .constdata          rtc.o
    0x0801db26   0x00000002   PAD
    0x0801db28   0x00000004   Data   RO          546    .constdata          touch.o
    0x0801db2c   0x000000c2   Data   RO          600    .constdata          gt9147.o
    0x0801dbee   0x0000000a   Data   RO          622    .constdata          ft5206.o
    0x0801dbf8   0x0000000a   Data   RO          638    .constdata          ott2001a.o
    0x0801dc02   0x00000002   PAD
    0x0801dc04   0x00000018   Data   RO          815    .constdata          malloc.o
    0x0801dc1c   0x00027ca0   Data   RO          908    .constdata          fs.o
    0x080458bc   0x00000030   Data   RO          933    .constdata          httpd.o
    0x080458ec   0x00000018   Data   RO          977    .constdata          httpd_cgi_ssi.o
    0x08045904   0x0000000c   Data   RO          995    .constdata          etharp.o
    0x08045910   0x00000008   Data   RO         1158    .constdata          ip_addr.o
    0x08045918   0x00000028   Data   RO         1284    .constdata          memp.o
    0x08045940   0x00000050   Data   RO         1363    .constdata          tcp.o
    0x08045990   0x00000028   Data   RO         1634    .constdata          c_w.l(_printf_hex_int_ll_ptr.o)
    0x080459b8   0x00000011   Data   RO         1654    .constdata          c_w.l(__printf_flags_ss_wp.o)
    0x080459c9   0x00000003   PAD
    0x080459cc   0x00000008   Data   RO         1767    .constdata          c_w.l(_printf_wctomb.o)
    0x080459d4   0x00000094   Data   RO         1860    .constdata          c_w.l(bigflt0.o)
    0x08045a68   0x00000079   Data   RO          547    .conststring        touch.o
    0x08045ae1   0x00000003   PAD
    0x08045ae4   0x0000006a   Data   RO          934    .conststring        httpd.o
    0x08045b4e   0x00000002   PAD
    0x08045b50   0x00000036   Data   RO          978    .conststring        httpd_cgi_ssi.o
    0x08045b86   0x00000002   PAD
    0x08045b88   0x00000044   Data   RO          996    .conststring        etharp.o
    0x08045bcc   0x0000008c   Data   RO         1210    .conststring        dhcp.o
    0x08045c58   0x00000075   Data   RO         1364    .conststring        tcp.o
    0x08045ccd   0x00000003   PAD
    0x08045cd0   0x00000055   Data   RO         1410    .conststring        tcp_out.o
    0x08045d25   0x00000003   PAD
    0x08045d28   0x000000e6   Data   RO         1545    .conststring        common.o
    0x08045e0e   0x00000002   PAD
    0x08045e10   0x00000020   Data   RO         2022    Region$$Table       anon$$obj.o
    0x08045e30   0x0000001c   Data   RO         1884    locale$$data        c_w.l(lc_numeric_c.o)
    0x08045e4c   0x00000110   Data   RO         1901    locale$$data        c_w.l(lc_ctype_c.o)


    Execution Region RW_IRAM1 (Base: 0x20000000, Size: 0x0000bec8, Max: 0x00010000, ABSOLUTE, COMPRESSED[0x000000dc])

    Base Addr    Size         Type   Attr      Idx    E Section Name        Object

    0x20000000   0x0000003c   Data   RW            3    .data               main.o
    0x2000003c   0x00000014   Data   RW          261    .data               system_stm32f10x.o
    0x20000050   0x00000004   Data   RW          297    .data               delay.o
    0x20000054   0x00000006   Data   RW          328    .data               usart.o
    0x2000005a   0x00000004   Data   RW          352    .data               lcd.o
    0x2000005e   0x00000002   Data   RW          416    .data               rtc.o
    0x20000060   0x00000002   Data   RW          505    .data               usart3.o
    0x20000062   0x00000001   Data   RW          533    .data               key.o
    0x20000063   0x00000001   PAD
    0x20000064   0x00000036   Data   RW          548    .data               touch.o
    0x2000009a   0x00000001   Data   RW          601    .data               gt9147.o
    0x2000009b   0x00000001   Data   RW          623    .data               ft5206.o
    0x2000009c   0x00000001   Data   RW          639    .data               ott2001a.o
    0x2000009d   0x00000014   Data   RW          702    .data               stm32f10x_rcc.o
    0x200000b1   0x00000003   PAD
    0x200000b4   0x0000001c   Data   RW          816    .data               malloc.o
    0x200000d0   0x00000014   Data   RW          835    .data               lwip_comm.o
    0x200000e4   0x00000024   Data   RW          935    .data               httpd.o
    0x20000108   0x00000014   Data   RW          979    .data               httpd_cgi_ssi.o
    0x2000011c   0x00000001   Data   RW          997    .data               etharp.o
    0x2000011d   0x00000003   PAD
    0x20000120   0x00000012   Data   RW         1120    .data               ip.o
    0x20000132   0x00000002   PAD
    0x20000134   0x00000006   Data   RW         1180    .data               ip_frag.o
    0x2000013a   0x00000002   PAD
    0x2000013c   0x00000004   Data   RW         1211    .data               dhcp.o
    0x20000140   0x00000010   Data   RW         1268    .data               mem.o
    0x20000150   0x00000004   Data   RW         1285    .data               memp.o
    0x20000154   0x00000009   Data   RW         1309    .data               netif.o
    0x2000015d   0x00000003   PAD
    0x20000160   0x00000004   Data   RW         1343    .data               raw.o
    0x20000164   0x00000024   Data   RW         1365    .data               tcp.o
    0x20000188   0x00000020   Data   RW         1388    .data               tcp_in.o
    0x200001a8   0x0000000c   Data   RW         1423    .data               timers.o
    0x200001b4   0x00000008   Data   RW         1440    .data               udp.o
    0x200001bc   0x00000085   Data   RW         1546    .data               common.o
    0x20000241   0x00000001   Data   RW         1579    .data               wifista.o
    0x20000242   0x00000002   PAD
    0x20000244   0x000000c8   Zero   RW          327    .bss                usart.o
    0x2000030c   0x0000000e   Zero   RW          350    .bss                lcd.o
    0x2000031a   0x0000000a   Zero   RW          414    .bss                rtc.o
    0x20000324   0x00000010   Zero   RW          471    .bss                enc28j60.o
    0x20000334   0x000004b0   Zero   RW          504    .bss                usart3.o
    0x200007e4   0x0000aa00   Zero   RW          814    .bss                malloc.o
    0x2000b1e4   0x0000004c   Zero   RW          834    .bss                lwip_comm.o
    0x2000b230   0x000000f0   Zero   RW          907    .bss                fs.o
    0x2000b320   0x00000400   Zero   RW          932    .bss                httpd.o
    0x2000b720   0x000000c8   Zero   RW          994    .bss                etharp.o
    0x2000b7e8   0x00000010   Zero   RW         1157    .bss                ip_addr.o
    0x2000b7f8   0x00000032   Zero   RW         1209    .bss                dhcp.o
    0x2000b82a   0x00000002   PAD
    0x2000b82c   0x00000028   Zero   RW         1283    .bss                memp.o
    0x2000b854   0x00000010   Zero   RW         1387    .bss                tcp_in.o
    0x2000b864   0x00000060   Zero   RW         1846    .bss                c_w.l(libspace.o)
    0x2000b8c4   0x00000004   PAD
    0x2000b8c8   0x00000200   Zero   RW          290    HEAP                startup_stm32f10x_hd.o
    0x2000bac8   0x00000400   Zero   RW          289    STACK               startup_stm32f10x_hd.o



  Load Region LR$$.ARM.__AT_0x68000000 (Base: 0x68000000, Size: 0x00000000, Max: 0x00030000, ABSOLUTE)

    Execution Region ER$$.ARM.__AT_0x68000000 (Base: 0x68000000, Size: 0x00030000, Max: 0x00030000, ABSOLUTE, UNINIT)

    Base Addr    Size         Type   Attr      Idx    E Section Name        Object

    0x68000000   0x00030000   Zero   RW          812    .ARM.__AT_0x68000000  malloc.o



  Load Region LR$$.ARM.__AT_0x68030000 (Base: 0x68030000, Size: 0x00000000, Max: 0x00003000, ABSOLUTE)

    Execution Region ER$$.ARM.__AT_0x68030000 (Base: 0x68030000, Size: 0x00003000, Max: 0x00003000, ABSOLUTE, UNINIT)

    Base Addr    Size         Type   Attr      Idx    E Section Name        Object

    0x68030000   0x00003000   Zero   RW          813    .ARM.__AT_0x68030000  malloc.o


==============================================================================

Image component sizes


      Code (inc. data)   RO Data    RW Data    ZI Data      Debug   Object Name

       378          0          0          0          0       2774   24cxx.o
      1512        596          0          0          0       1410   apsta.o
      3124        624        230        133          0       8041   common.o
         0          0          0          0          0         32   core_cm3.o
       644         24          0          0          0       2037   ctiic.o
        62          0          0          0          0       1130   def.o
       212         18          0          4          0       1015   delay.o
      6372       1100        140          4         50      13530   dhcp.o
       864         22          0          0          0       2573   ds18b20.o
      1904        156          0          0         16      10371   enc28j60.o
      3520        596         80          1        200      15949   etharp.o
       536        176          0          0          0       4758   ethernetif.o
       264          8     162976          0        240       6398   fs.o
       824         38         10          1          0       2499   ft5206.o
       220         18          0          0          0        585   gpio.o
      1112         74        194          1          0       3026   gt9147.o
       828        152          0          0          0       1621   hem7200.o
      4608        794        154         36       1024      19477   httpd.o
      1548        186         78         20          0       5570   httpd_cgi_ssi.o
      1052        374          0          0          0       2630   icmp.o
         0          0          0          0          0       3824   inet.o
       676        104          0          0          0       3093   inet_chksum.o
        28          0          0          0          0        480   init.o
      1076        174          0         18          0      16008   ip.o
       812        112          8          0         16       9391   ip_addr.o
      2562        484          0          6          0       7456   ip_frag.o
       252         12          0          1          0        828   key.o
     19078        162       6080          4         14      22202   lcd.o
         2          0          0          0          0        395   led.o
      1324        466          0         20         76      12705   lwip_comm.o
      1260        368          0         60          0     280806   main.o
       564         18         24         28     252416       4628   malloc.o
      1700        532          0         16          0       3982   mem.o
       436        196         40          4         40       2772   memp.o
       220         22          0          0          0       1801   misc.o
       620         14          0          0          0       1868   myiic.o
       768        126          0          9          0       6261   netif.o
       876         56         10          1          0       2667   ott2001a.o
      4156       1234          0          0          0       9477   pbuf.o
       572        134          0          4          0       3393   raw.o
      1160         62         24          2         10       4326   rtc.o
       264         10          0          0          0       1109   spi.o
        64         26        304          0       1536        788   startup_stm32f10x_hd.o
       196          8          0          0          0       3500   stm32f10x_bkp.o
       284         10          0          0          0       2259   stm32f10x_exti.o
      1548         18          0          0          0       5379   stm32f10x_fsmc.o
       860         38          0          0          0       5737   stm32f10x_gpio.o
       256         20          0          0          0       3735   stm32f10x_it.o
       204         14          0          0          0       1951   stm32f10x_pwr.o
       932         36          0         20          0       8904   stm32f10x_rcc.o
       328          4          0          0          0       2722   stm32f10x_rtc.o
       780         14          0          0          0       6614   stm32f10x_spi.o
      3610         88          0          0          0      22844   stm32f10x_tim.o
      1032         22          0          0          0       8456   stm32f10x_usart.o
        12          0          0          0          0        571   sys.o
        12          6          0          0          0        426   sys_arch.o
       480         38          0         20          0       1695   system_stm32f10x.o
      5144       1098        197         36          0      21927   tcp.o
      6106        938          0         32         16      15035   tcp_in.o
      4688        864         85          0          0      10023   tcp_out.o
       272         16          0          0          0       1234   timer.o
       784        190          0         12          0       3123   timers.o
      4020        222        125         54          0       6793   touch.o
      1488        202          0          8          0      14353   udp.o
       320         16          0          6        200       3130   usart.o
       384         26          0          2       1200       2522   usart3.o
      1212        358          0          0          0       1383   wifiap.o
      1420        434          0          1          0       1669   wifista.o

    ----------------------------------------------------------------------
    104432      13948     170810        580     257056     661671   Object Totals
         0          0         32          0          0          0   (incl. Generated)
         6          0         19         16          2          0   (incl. Padding)

    ----------------------------------------------------------------------

      Code (inc. data)   RO Data    RW Data    ZI Data      Debug   Library Member Name

        24          4          0          0          0         84   __2printf.o
        44          6          0          0          0         84   __2sprintf.o
        90          0          0          0          0          0   __dczerorl2.o
         8          0          0          0          0         68   __main.o
       392          4         17          0          0         92   __printf_flags_ss_wp.o
        14          0          0          0          0         68   __printf_wp.o
         0          0          0          0          0          0   __rtentry.o
        12          0          0          0          0          0   __rtentry2.o
         6          0          0          0          0          0   __rtentry4.o
        52          8          0          0          0          0   __scatter.o
        28          0          0          0          0          0   __scatter_zi.o
         6          0          0          0          0          0   _printf_a.o
         6          0          0          0          0          0   _printf_c.o
        44          0          0          0          0        108   _printf_char.o
        48          6          0          0          0         96   _printf_char_common.o
        36          4          0          0          0         80   _printf_char_file.o
        40          0          0          0          0         68   _printf_charcount.o
         6          0          0          0          0          0   _printf_d.o
       120         16          0          0          0         92   _printf_dec.o
         6          0          0          0          0          0   _printf_e.o
         6          0          0          0          0          0   _printf_f.o
      1050          0          0          0          0        216   _printf_fp_dec.o
       128         16          0          0          0         84   _printf_fp_infnan.o
         6          0          0          0          0          0   _printf_g.o
       148          4         40          0          0        160   _printf_hex_int_ll_ptr.o
         6          0          0          0          0          0   _printf_i.o
       178          0          0          0          0         88   _printf_intcommon.o
        10          0          0          0          0          0   _printf_l.o
         6          0          0          0          0          0   _printf_lc.o
        10          0          0          0          0          0   _printf_ll.o
         6          0          0          0          0          0   _printf_lld.o
         6          0          0          0          0          0   _printf_lli.o
         6          0          0          0          0          0   _printf_llo.o
         6          0          0          0          0          0   _printf_llu.o
         6          0          0          0          0          0   _printf_llx.o
       124         16          0          0          0         92   _printf_longlong_dec.o
         6          0          0          0          0          0   _printf_ls.o
         6          0          0          0          0          0   _printf_n.o
         6          0          0          0          0          0   _printf_o.o
       112          8          0          0          0        124   _printf_oct_int_ll.o
         6          0          0          0          0          0   _printf_p.o
        78          0          0          0          0        108   _printf_pad.o
         0          0          0          0          0          0   _printf_percent.o
         4          0          0          0          0          0   _printf_percent_end.o
         6          0          0          0          0          0   _printf_s.o
        82          0          0          0          0         80   _printf_str.o
        36          0          0          0          0         84   _printf_truncate.o
         6          0          0          0          0          0   _printf_u.o
        44          0          0          0          0        108   _printf_wchar.o
       188          6          8          0          0         92   _printf_wctomb.o
         6          0          0          0          0          0   _printf_x.o
        22          0          0          0          0        100   _rserrno.o
        10          0          0          0          0         68   _sputc.o
        64          0          0          0          0         92   _wcrtomb.o
       220          4        148          0          0         96   bigflt0.o
      1910        128          0          0          0        672   btod.o
        36          4          0          0          0         76   c89vsprintf.o
        18          0          0          0          0         80   exit.o
         8          0          0          0          0         68   ferror.o
         6          0          0          0          0        152   heapauxi.o
        44         10        272          0          0         76   lc_ctype_c.o
        44         10         28          0          0         76   lc_numeric_c.o
         2          0          0          0          0          0   libinit.o
        30          0          0          0          0          0   libinit2.o
         2          0          0          0          0          0   libshutdown.o
         2          0          0          0          0          0   libshutdown2.o
         8          4          0          0         96         68   libspace.o
       138          0          0          0          0         80   lludiv10.o
        88          0          0          0          0         76   memcmp.o
        16          4          0          0          0         76   rt_ctype_table.o
         8          4          0          0          0         68   rt_errno_addr_intlibspace.o
         8          4          0          0          0         68   rt_locale_intlibspace.o
        68          0          0          0          0         68   rt_memclr.o
        78          0          0          0          0         80   rt_memclr_w.o
       138          0          0          0          0         68   rt_memcpy_v6.o
       100          0          0          0          0         80   rt_memcpy_w.o
         2          0          0          0          0          0   rtexit.o
        10          0          0          0          0          0   rtexit2.o
        20          0          0          0          0         68   strchr.o
       128          0          0          0          0         68   strcmpv7m.o
        62          0          0          0          0         76   strlen.o
       150          0          0          0          0         80   strncmp.o
        36          0          0          0          0         80   strstr.o
        74          0          0          0          0         80   sys_stackheap_outer.o
         2          0          0          0          0         68   use_no_semi.o
         2          0          0          0          0         68   use_no_semi_2.o
       826         16          0          0          0        348   daddsub_clz.o
        24          0          0          0          0         68   dcmpi.o
        94          4          0          0          0         92   dfix.o
        90          4          0          0          0         92   dfixu.o
        84          0          0          0          0        136   dflt_clz.o
       120          4          0          0          0         92   dleqf.o
       340         12          0          0          0        104   dmul.o
       156          4          0          0          0         92   dnaninf.o
        12          0          0          0          0         68   dretinf.o
       108          0          0          0          0         80   drleqf.o
       460         56          0          0          0        120   dsqrt_noumaal.o
        86          4          0          0          0         84   f2d.o
       430          8          0          0          0        168   faddsub_clz.o
       388         76          0          0          0         96   fdiv.o
        54          4          0          0          0         84   ffix.o
        62          4          0          0          0         84   ffixu.o
        86          0          0          0          0        136   fflt_clz.o
       258          4          0          0          0         84   fmul.o
       140          4          0          0          0         84   fnaninf.o
        10          0          0          0          0         68   fretinf.o
         4          0          0          0          0         68   printf1.o
         0          0          0          0          0          0   usenofp.o
        40          0          0          0          0         68   fpclassify.o
        76          0          0          0          0         84   sqrt.o

    ----------------------------------------------------------------------
     10798        474        516          0        100       7352   Library Totals
        26          0          3          0          4          0   (incl. Padding)

    ----------------------------------------------------------------------

      Code (inc. data)   RO Data    RW Data    ZI Data      Debug   Library Name

      6824        270        513          0         96       4952   c_w.l
      3832        204          0          0          0       2248   fz_ws.l
       116          0          0          0          0        152   m_ws.l

    ----------------------------------------------------------------------
     10798        474        516          0        100       7352   Library Totals

    ----------------------------------------------------------------------

==============================================================================


      Code (inc. data)   RO Data    RW Data    ZI Data      Debug   

    115230      14422     171326        580     257156     659191   Grand Totals
    115230      14422     171326        220     257156     659191   ELF Image Totals (compressed)
    115230      14422     171326        220          0          0   ROM Totals

==============================================================================

    Total RO  Size (Code + RO Data)               286556 ( 279.84kB)
    Total RW  Size (RW Data + ZI Data)            257736 ( 251.70kB)
    Total ROM Size (Code + RO Data + RW Data)     286776 ( 280.05kB)

==============================================================================

