<html>
<body>
<pre>
<h1>µVision Build Log</h1>
<h2>Tool Versions:</h2>
IDE-Version: µVision V5.21.1.0
Copyright (C) 2016 ARM Ltd and ARM Germany GmbH. All rights reserved.
License Information: e e, e, LIC=W96CX-H6VF8-17XRR-KGCJQ-P21WY-SNLVX
 
Tool Versions:
Toolchain:       MDK-ARM Professional  Version: 5.21a
Toolchain Path:  C:\Keil_v5\ARM\ARMCC\Bin
C Compiler:      Armcc.exe V5.06 update 3 (build 300)
Assembler:       Armasm.exe V5.06 update 3 (build 300)
Linker/Locator:  ArmLink.exe V5.06 update 3 (build 300)
Library Manager: ArmAr.exe V5.06 update 3 (build 300)
Hex Converter:   FromElf.exe V5.06 update 3 (build 300)
CPU DLL:         SARMCM3.DLL V5.21a
Dialog DLL:      DARMSTM.DLL V1.66.0.1
Target DLL:      STLink\ST-LINKIII-KEIL_SWO.dll V2.0.18.0
Dialog DLL:      TARMSTM.DLL V1.65.0.0
 
<h2>Project:</h2>
D:\STM32TestP\net_ex_6_bp3.1_elite_NSP8266\USER\Template.uvprojx
Project File Date:  05/11/2018

<h2>Output:</h2>
*** Using Compiler 'V5.06 update 3 (build 300)', folder: 'C:\Keil_v5\ARM\ARMCC\Bin'
Build target 'Target 1'
compiling core_cm3.c...
compiling delay.c...
compiling usart.c...
compiling system_stm32f10x.c...
compiling stm32f10x_it.c...
compiling sys.c...
compiling main.c...
compiling led.c...
compiling sram.c...
compiling lcd.c...
compiling timer.c...
compiling ds18b20.c...
compiling rtc.c...
compiling hem7200.c...
compiling gpio.c...
compiling spi.c...
compiling key.c...
compiling usart3.c...
compiling 24cxx.c...
compiling enc28j60.c...
compiling touch.c...
compiling myiic.c...
compiling ft5206.c...
compiling ott2001a.c...
compiling ctiic.c...
compiling gt9147.c...
compiling misc.c...
compiling stm32f10x_fsmc.c...
compiling stm32f10x_gpio.c...
compiling stm32f10x_exti.c...
compiling stm32f10x_rcc.c...
compiling stm32f10x_usart.c...
compiling stm32f10x_adc.c...
compiling stm32f10x_rtc.c...
compiling stm32f10x_tim.c...
compiling stm32f10x_bkp.c...
compiling stm32f10x_pwr.c...
compiling malloc.c...
compiling stm32f10x_spi.c...
compiling fs.c...
compiling autoip.c...
compiling lwip_comm.c...
compiling etharp.c...
compiling icmp.c...
compiling igmp.c...
compiling httpd.c...
compiling inet.c...
compiling inet_chksum.c...
compiling httpd_cgi_ssi.c...
compiling ip_addr.c...
compiling ip.c...
compiling def.c...
compiling ethernetif.c...
compiling ip_frag.c...
compiling dns.c...
compiling lwip_sys.c...
compiling init.c...
compiling mem.c...
compiling dhcp.c...
compiling netif.c...
compiling raw.c...
compiling pbuf.c...
compiling memp.c...
compiling stats.c...
compiling tcp.c...
compiling api_lib.c...
compiling tcp_in.c...
compiling timers.c...
compiling udp.c...
compiling api_msg.c...
compiling err.c...
compiling netbuf.c...
compiling tcp_out.c...
compiling netdb.c...
compiling netifapi.c...
compiling sockets.c...
compiling tcpip.c...
compiling sys_arch.c...
compiling apsta.c...
compiling common.c...
compiling wifista.c...
compiling wifiap.c...
linking...
Program Size: Code=115230 RO-data=171326 RW-data=580 ZI-data=257156  
FromELF: creating hex file...
"..\OBJ\Template.axf" - 0 Error(s), 0 Warning(s).

<h2>Collection of Component include folders:</h2>
  D:\STM32TestP\net_ex_6_bp3.1_elite_NSP8266\USER\RTE
  C:\Keil_v5\ARM\PACK\Keil\STM32F1xx_DFP\2.2.0\Device\Include

<h2>Collection of Component Files used:</h2>
Build Time Elapsed:  00:00:04
</pre>
</body>
</html>
